Component: ARM Compiler 5.05 update 2 (build 169) Tool: armlink [4d0f33]

==============================================================================

Section Cross References

    event_groups.o(i.vEventGroupClearBitsCallback) refers to event_groups.o(i.xEventGroupClearBits) for xEventGroupClearBits
    event_groups.o(i.vEventGroupDelete) refers to tasks.o(i.vTaskSuspendAll) for vTaskSuspendAll
    event_groups.o(i.vEventGroupDelete) refers to port.o(.emb_text) for ulPortSetInterruptMask
    event_groups.o(i.vEventGroupDelete) refers to tasks.o(i.xTaskRemoveFromUnorderedEventList) for xTaskRemoveFromUnorderedEventList
    event_groups.o(i.vEventGroupDelete) refers to heap_4.o(i.vPortFree) for vPortFree
    event_groups.o(i.vEventGroupDelete) refers to tasks.o(i.xTaskResumeAll) for xTaskResumeAll
    event_groups.o(i.vEventGroupSetBitsCallback) refers to event_groups.o(i.xEventGroupSetBits) for xEventGroupSetBits
    event_groups.o(i.xEventGroupClearBits) refers to port.o(.emb_text) for ulPortSetInterruptMask
    event_groups.o(i.xEventGroupClearBits) refers to port.o(i.vPortEnterCritical) for vPortEnterCritical
    event_groups.o(i.xEventGroupClearBits) refers to port.o(i.vPortExitCritical) for vPortExitCritical
    event_groups.o(i.xEventGroupCreate) refers to heap_4.o(i.pvPortMalloc) for pvPortMalloc
    event_groups.o(i.xEventGroupCreate) refers to list.o(i.vListInitialise) for vListInitialise
    event_groups.o(i.xEventGroupGetBitsFromISR) refers to port.o(.emb_text) for ulPortSetInterruptMask
    event_groups.o(i.xEventGroupSetBits) refers to port.o(.emb_text) for ulPortSetInterruptMask
    event_groups.o(i.xEventGroupSetBits) refers to tasks.o(i.vTaskSuspendAll) for vTaskSuspendAll
    event_groups.o(i.xEventGroupSetBits) refers to tasks.o(i.xTaskRemoveFromUnorderedEventList) for xTaskRemoveFromUnorderedEventList
    event_groups.o(i.xEventGroupSetBits) refers to tasks.o(i.xTaskResumeAll) for xTaskResumeAll
    event_groups.o(i.xEventGroupSync) refers to port.o(.emb_text) for ulPortSetInterruptMask
    event_groups.o(i.xEventGroupSync) refers to tasks.o(i.xTaskGetSchedulerState) for xTaskGetSchedulerState
    event_groups.o(i.xEventGroupSync) refers to tasks.o(i.vTaskSuspendAll) for vTaskSuspendAll
    event_groups.o(i.xEventGroupSync) refers to event_groups.o(i.xEventGroupSetBits) for xEventGroupSetBits
    event_groups.o(i.xEventGroupSync) refers to tasks.o(i.vTaskPlaceOnUnorderedEventList) for vTaskPlaceOnUnorderedEventList
    event_groups.o(i.xEventGroupSync) refers to tasks.o(i.xTaskResumeAll) for xTaskResumeAll
    event_groups.o(i.xEventGroupSync) refers to port.o(i.vPortYield) for vPortYield
    event_groups.o(i.xEventGroupSync) refers to tasks.o(i.uxTaskResetEventItemValue) for uxTaskResetEventItemValue
    event_groups.o(i.xEventGroupSync) refers to port.o(i.vPortEnterCritical) for vPortEnterCritical
    event_groups.o(i.xEventGroupSync) refers to port.o(i.vPortExitCritical) for vPortExitCritical
    event_groups.o(i.xEventGroupWaitBits) refers to port.o(.emb_text) for ulPortSetInterruptMask
    event_groups.o(i.xEventGroupWaitBits) refers to tasks.o(i.xTaskGetSchedulerState) for xTaskGetSchedulerState
    event_groups.o(i.xEventGroupWaitBits) refers to tasks.o(i.vTaskSuspendAll) for vTaskSuspendAll
    event_groups.o(i.xEventGroupWaitBits) refers to event_groups.o(i.prvTestWaitCondition) for prvTestWaitCondition
    event_groups.o(i.xEventGroupWaitBits) refers to tasks.o(i.vTaskPlaceOnUnorderedEventList) for vTaskPlaceOnUnorderedEventList
    event_groups.o(i.xEventGroupWaitBits) refers to tasks.o(i.xTaskResumeAll) for xTaskResumeAll
    event_groups.o(i.xEventGroupWaitBits) refers to port.o(i.vPortYield) for vPortYield
    event_groups.o(i.xEventGroupWaitBits) refers to tasks.o(i.uxTaskResetEventItemValue) for uxTaskResetEventItemValue
    event_groups.o(i.xEventGroupWaitBits) refers to port.o(i.vPortEnterCritical) for vPortEnterCritical
    event_groups.o(i.xEventGroupWaitBits) refers to port.o(i.vPortExitCritical) for vPortExitCritical
    port.o(.emb_text) refers to tasks.o(i.vTaskSwitchContext) for vTaskSwitchContext
    port.o(.emb_text) refers to tasks.o(.data) for pxCurrentTCB
    port.o(i.prvTaskExitError) refers to port.o(.emb_text) for ulPortSetInterruptMask
    port.o(i.prvTaskExitError) refers to port.o(.data) for .data
    port.o(i.pxPortInitialiseStack) refers to port.o(i.prvTaskExitError) for prvTaskExitError
    port.o(i.vPortEndScheduler) refers to port.o(.emb_text) for ulPortSetInterruptMask
    port.o(i.vPortEndScheduler) refers to port.o(.data) for .data
    port.o(i.vPortEnterCritical) refers to port.o(.emb_text) for ulPortSetInterruptMask
    port.o(i.vPortEnterCritical) refers to port.o(.data) for .data
    port.o(i.vPortExitCritical) refers to port.o(.emb_text) for vPortClearInterruptMask
    port.o(i.vPortExitCritical) refers to port.o(.data) for .data
    port.o(i.vPortSetupTimerInterrupt) refers to system_stm32f1xx.o(.data) for SystemCoreClock
[...]
    Removing stm32f1xx_hal_cortex.o(i.HAL_SYSTICK_Callback), (2 bytes).
    Removing stm32f1xx_hal_cortex.o(i.HAL_SYSTICK_IRQHandler), (8 bytes).
    Removing stm32f1xx_hal_uart.o(.rev16_text), (4 bytes).
    Removing stm32f1xx_hal_uart.o(.revsh_text), (4 bytes).
    Removing stm32f1xx_hal_uart.o(.rrx_text), (6 bytes).
    Removing stm32f1xx_hal_uart.o(i.HAL_HalfDuplex_EnableReceiver), (46 bytes).
    Removing stm32f1xx_hal_uart.o(i.HAL_HalfDuplex_EnableTransmitter), (48 bytes).
    Removing stm32f1xx_hal_uart.o(i.HAL_HalfDuplex_Init), (104 bytes).
    Removing stm32f1xx_hal_uart.o(i.HAL_LIN_Init), (118 bytes).
    Removing stm32f1xx_hal_uart.o(i.HAL_LIN_SendBreak), (44 bytes).
    Removing stm32f1xx_hal_uart.o(i.HAL_MultiProcessor_EnterMuteMode), (44 bytes).
    Removing stm32f1xx_hal_uart.o(i.HAL_MultiProcessor_ExitMuteMode), (44 bytes).
    Removing stm32f1xx_hal_uart.o(i.HAL_MultiProcessor_Init), (126 bytes).
    Removing stm32f1xx_hal_uart.o(i.HAL_UART_DMAPause), (90 bytes).
    Removing stm32f1xx_hal_uart.o(i.HAL_UART_DMAResume), (104 bytes).
    Removing stm32f1xx_hal_uart.o(i.HAL_UART_DMAStop), (40 bytes).
    Removing stm32f1xx_hal_uart.o(i.HAL_UART_DeInit), (60 bytes).
    Removing stm32f1xx_hal_uart.o(i.HAL_UART_GetError), (4 bytes).
    Removing stm32f1xx_hal_uart.o(i.HAL_UART_GetState), (6 bytes).
    Removing stm32f1xx_hal_uart.o(i.HAL_UART_IRQHandler), (242 bytes).
    Removing stm32f1xx_hal_uart.o(i.HAL_UART_MspDeInit), (2 bytes).
    Removing stm32f1xx_hal_uart.o(i.HAL_UART_MspInit), (2 bytes).
    Removing stm32f1xx_hal_uart.o(i.HAL_UART_Receive), (204 bytes).
    Removing stm32f1xx_hal_uart.o(i.HAL_UART_Receive_DMA), (136 bytes).
    Removing stm32f1xx_hal_uart.o(i.HAL_UART_RxCpltCallback), (2 bytes).
    Removing stm32f1xx_hal_uart.o(i.HAL_UART_RxHalfCpltCallback), (2 bytes).
    Removing stm32f1xx_hal_uart.o(i.HAL_UART_Transmit), (204 bytes).
    Removing stm32f1xx_hal_uart.o(i.HAL_UART_Transmit_IT), (96 bytes).
    Removing stm32f1xx_hal_uart.o(i.HAL_UART_TxCpltCallback), (2 bytes).
    Removing stm32f1xx_hal_uart.o(i.UART_DMAReceiveCplt), (54 bytes).
    Removing stm32f1xx_hal_uart.o(i.UART_DMARxHalfCplt), (10 bytes).
    Removing stm32f1xx_hal_uart.o(i.UART_Receive_IT), (168 bytes).
    Removing stm32f1xx_hal_uart.o(i.UART_Transmit_IT), (102 bytes).
    Removing stm32f1xx_hal_uart.o(i.UART_WaitOnFlagUntilTimeout), (146 bytes).
    Removing startup_stm32f103xb.o(HEAP), (512 bytes).
    Removing bsp.o(.rev16_text), (4 bytes).
    Removing bsp.o(.revsh_text), (4 bytes).
    Removing bsp.o(.rrx_text), (6 bytes).
    Removing bspkey.o(.rev16_text), (4 bytes).
    Removing bspkey.o(.revsh_text), (4 bytes).
    Removing bspkey.o(.rrx_text), (6 bytes).
    Removing bspled.o(.rev16_text), (4 bytes).
    Removing bspled.o(.revsh_text), (4 bytes).
    Removing bspled.o(.rrx_text), (6 bytes).
    Removing bspled.o(i.LedPro), (12 bytes).
    Removing bspuart.o(.rev16_text), (4 bytes).
    Removing bspuart.o(.revsh_text), (4 bytes).
    Removing bspuart.o(.rrx_text), (6 bytes).
    Removing bspuart.o(.bss), (90 bytes).
    Removing bspadc.o(.rev16_text), (4 bytes).
    Removing bspadc.o(.revsh_text), (4 bytes).
    Removing bspadc.o(.rrx_text), (6 bytes).
    Removing bspadc.o(i.AdcCheck), (220 bytes).
    Removing bspadc.o(i.AdcDataChange), (152 bytes).
    Removing bspadc.o(i.AdcPro), (32 bytes).
    Removing bspadc.o(.data), (1 bytes).
    Removing halcallback.o(.rev16_text), (4 bytes).
    Removing halcallback.o(.revsh_text), (4 bytes).
    Removing halcallback.o(.rrx_text), (6 bytes).
    Removing halcallback.o(i.CallBackTick), (4 bytes).
    Removing halcallback.o(i.HAL_UART_RxCpltCallback), (40 bytes).
    Removing handleruartdata.o(.rev16_text), (4 bytes).
    Removing handleruartdata.o(.revsh_text), (4 bytes).
    Removing handleruartdata.o(.rrx_text), (6 bytes).
    Removing handleruartdata.o(i.PLRxHandleFlyPara), (2 bytes).
    Removing handleruartdata.o(i.UartPLCheckFrame), (62 bytes).
    Removing handleruartdata.o(i.UartPLDataCheckCode), (24 bytes).
    Removing handleruartdata.o(i.UartRxFromPLDataHandler), (44 bytes).
    Removing handleruartdata.o(i.UartRxFromPLGetValidData), (24 bytes).
    Removing handleruartdata.o(i.UartRxPLSearchFrame), (172 bytes).
    Removing handleruartdata.o(i.UartToPCTxPutData), (268 bytes).
    Removing handleruartdata.o(i.UartToTxDataHandler), (32 bytes).
    Removing segger_rtt.o(i.SEGGER_RTT_ConfigDownBuffer), (56 bytes).
    Removing segger_rtt.o(i.SEGGER_RTT_ConfigUpBuffer), (56 bytes).
    Removing segger_rtt.o(i.SEGGER_RTT_GetKey), (28 bytes).
    Removing segger_rtt.o(i.SEGGER_RTT_HasKey), (24 bytes).
    Removing segger_rtt.o(i.SEGGER_RTT_Init), (2 bytes).
    Removing segger_rtt.o(i.SEGGER_RTT_Read), (112 bytes).
    Removing segger_rtt.o(i.SEGGER_RTT_SetTerminal), (52 bytes).
    Removing segger_rtt.o(i.SEGGER_RTT_TerminalOut), (104 bytes).
    Removing segger_rtt.o(i.SEGGER_RTT_WaitKey), (14 bytes).
    Removing segger_rtt.o(i.SEGGER_RTT_WriteString), (28 bytes).

351 unused section(s) (total 18927 bytes) removed from the image.

==============================================================================

Image Symbol Table

    Local Symbols

    Symbol Name                              Value     Ov Type        Size  Object(Section)

    ../Drivers/CMSIS/Device/ST/STM32F1xx/Source/Templates/arm/startup_stm32f103xb.s 0x00000000   Number         0  startup_stm32f103xb.o ABSOLUTE
    ../Drivers/CMSIS/Device/ST/STM32F1xx/Source/Templates/system_stm32f1xx.c 0x00000000   Number         0  system_stm32f1xx.o ABSOLUTE
    ../Drivers/STM32F1xx_HAL_Driver/Src/stm32f1xx_hal.c 0x00000000   Number         0  stm32f1xx_hal.o ABSOLUTE
    ../Drivers/STM32F1xx_HAL_Driver/Src/stm32f1xx_hal_adc.c 0x00000000   Number         0  stm32f1xx_hal_adc.o ABSOLUTE
    ../Drivers/STM32F1xx_HAL_Driver/Src/stm32f1xx_hal_adc_ex.c 0x00000000   Number         0  stm32f1xx_hal_adc_ex.o ABSOLUTE
    ../Drivers/STM32F1xx_HAL_Driver/Src/stm32f1xx_hal_cortex.c 0x00000000   Number         0  stm32f1xx_hal_cortex.o ABSOLUTE
    ../Drivers/STM32F1xx_HAL_Driver/Src/stm32f1xx_hal_dma.c 0x00000000   Number         0  stm32f1xx_hal_dma.o ABSOLUTE
    ../Drivers/STM32F1xx_HAL_Driver/Src/stm32f1xx_hal_flash.c 0x00000000   Number         0  stm32f1xx_hal_flash.o ABSOLUTE
    ../Drivers/STM32F1xx_HAL_Driver/Src/stm32f1xx_hal_flash_ex.c 0x00000000   Number         0  stm32f1xx_hal_flash_ex.o ABSOLUTE
    ../Drivers/STM32F1xx_HAL_Driver/Src/stm32f1xx_hal_gpio.c 0x00000000   Number         0  stm32f1xx_hal_gpio.o ABSOLUTE
    ../Drivers/STM32F1xx_HAL_Driver/Src/stm32f1xx_hal_gpio_ex.c 0x00000000   Number         0  stm32f1xx_hal_gpio_ex.o ABSOLUTE
    ../Drivers/STM32F1xx_HAL_Driver/Src/stm32f1xx_hal_pwr.c 0x00000000   Number         0  stm32f1xx_hal_pwr.o ABSOLUTE
    ../Drivers/STM32F1xx_HAL_Driver/Src/stm32f1xx_hal_rcc.c 0x00000000   Number         0  stm32f1xx_hal_rcc.o ABSOLUTE
    ../Drivers/STM32F1xx_HAL_Driver/Src/stm32f1xx_hal_rcc_ex.c 0x00000000   Number         0  stm32f1xx_hal_rcc_ex.o ABSOLUTE
    ../Drivers/STM32F1xx_HAL_Driver/Src/stm32f1xx_hal_uart.c 0x00000000   Number         0  stm32f1xx_hal_uart.o ABSOLUTE
    ../Middlewares/Third_Party/FreeRTOS/Source/CMSIS_RTOS/cmsis_os.c 0x00000000   Number         0  cmsis_os.o ABSOLUTE
    ../Middlewares/Third_Party/FreeRTOS/Source/croutine.c 0x00000000   Number         0  croutine.o ABSOLUTE
    ../Middlewares/Third_Party/FreeRTOS/Source/event_groups.c 0x00000000   Number         0  event_groups.o ABSOLUTE
    ../Middlewares/Third_Party/FreeRTOS/Source/list.c 0x00000000   Number         0  list.o ABSOLUTE
    ../Middlewares/Third_Party/FreeRTOS/Source/portable/MemMang/heap_4.c 0x00000000   Number         0  heap_4.o ABSOLUTE
    ../Middlewares/Third_Party/FreeRTOS/Source/portable/RVDS/ARM_CM3/port.c 0x00000000   Number         0  port.o ABSOLUTE
    ../Middlewares/Third_Party/FreeRTOS/Source/queue.c 0x00000000   Number         0  queue.o ABSOLUTE
    ../Middlewares/Third_Party/FreeRTOS/Source/tasks.c 0x00000000   Number         0  tasks.o ABSOLUTE
    ../Middlewares/Third_Party/FreeRTOS/Source/timers.c 0x00000000   Number         0  timers.o ABSOLUTE
    ../Src/freertos.c                        0x00000000   Number         0  freertos.o ABSOLUTE
    ../Src/main.c                            0x00000000   Number         0  main.o ABSOLUTE
    ../Src/stm32f1xx_hal_msp.c               0x00000000   Number         0  stm32f1xx_hal_msp.o ABSOLUTE
    ../Src/stm32f1xx_it.c                    0x00000000   Number         0  stm32f1xx_it.o ABSOLUTE
    ../clib/microlib/init/entry.s            0x00000000   Number         0  entry9a.o ABSOLUTE
    ../clib/microlib/init/entry.s            0x00000000   Number         0  entry11a.o ABSOLUTE
    ../clib/microlib/init/entry.s            0x00000000   Number         0  entry10b.o ABSOLUTE
    ../clib/microlib/init/entry.s            0x00000000   Number         0  entry10a.o ABSOLUTE
    ../clib/microlib/init/entry.s            0x00000000   Number         0  entry5.o ABSOLUTE
    ../clib/microlib/init/entry.s            0x00000000   Number         0  entry8b.o ABSOLUTE
    ../clib/microlib/init/entry.s            0x00000000   Number         0  entry8a.o ABSOLUTE
    ../clib/microlib/init/entry.s            0x00000000   Number         0  entry7b.o ABSOLUTE
    ../clib/microlib/init/entry.s            0x00000000   Number         0  entry7a.o ABSOLUTE
    ../clib/microlib/init/entry.s            0x00000000   Number         0  entry9b.o ABSOLUTE
    ../clib/microlib/init/entry.s            0x00000000   Number         0  entry11b.o ABSOLUTE
    ../clib/microlib/init/entry.s            0x00000000   Number         0  entry2.o ABSOLUTE
    ../clib/microlib/init/entry.s            0x00000000   Number         0  entry.o ABSOLUTE
    ../clib/microlib/longlong.c              0x00000000   Number         0  llushr.o ABSOLUTE
    ../clib/microlib/string/memcpy.c         0x00000000   Number         0  memcpya.o ABSOLUTE
    ../clib/microlib/string/memcpy.c         0x00000000   Number         0  memcpyb.o ABSOLUTE
    ../clib/microlib/string/memset.c         0x00000000   Number         0  memseta.o ABSOLUTE
    ..\APP\HalCallBack.c                     0x00000000   Number         0  halcallback.o ABSOLUTE
    ..\APP\HandlerUartData.c                 0x00000000   Number         0  handleruartdata.o ABSOLUTE
    ..\BSP\Bsp.c                             0x00000000   Number         0  bsp.o ABSOLUTE
    ..\BSP\BspAdc.c                          0x00000000   Number         0  bspadc.o ABSOLUTE
    ..\BSP\BspKey.c                          0x00000000   Number         0  bspkey.o ABSOLUTE
    ..\BSP\BspLed.c                          0x00000000   Number         0  bspled.o ABSOLUTE
    ..\BSP\BspUart.c                         0x00000000   Number         0  bspuart.o ABSOLUTE
    ..\Drivers\CMSIS\Device\ST\STM32F1xx\Source\Templates\system_stm32f1xx.c 0x00000000   Number         0  system_stm32f1xx.o ABSOLUTE
    ..\Drivers\STM32F1xx_HAL_Driver\Src\stm32f1xx_hal.c 0x00000000   Number         0  stm32f1xx_hal.o ABSOLUTE
    ..\Drivers\STM32F1xx_HAL_Driver\Src\stm32f1xx_hal_adc.c 0x00000000   Number         0  stm32f1xx_hal_adc.o ABSOLUTE
    ..\Drivers\STM32F1xx_HAL_Driver\Src\stm32f1xx_hal_adc_ex.c 0x00000000   Number         0  stm32f1xx_hal_adc_ex.o ABSOLUTE
    ..\Drivers\STM32F1xx_HAL_Driver\Src\stm32f1xx_hal_cortex.c 0x00000000   Number         0  stm32f1xx_hal_cortex.o ABSOLUTE
    ..\Drivers\STM32F1xx_HAL_Driver\Src\stm32f1xx_hal_dma.c 0x00000000   Number         0  stm32f1xx_hal_dma.o ABSOLUTE
    ..\Drivers\STM32F1xx_HAL_Driver\Src\stm32f1xx_hal_flash.c 0x00000000   Number         0  stm32f1xx_hal_flash.o ABSOLUTE
    ..\Drivers\STM32F1xx_HAL_Driver\Src\stm32f1xx_hal_flash_ex.c 0x00000000   Number         0  stm32f1xx_hal_flash_ex.o ABSOLUTE
    ..\Drivers\STM32F1xx_HAL_Driver\Src\stm32f1xx_hal_gpio.c 0x00000000   Number         0  stm32f1xx_hal_gpio.o ABSOLUTE
    ..\Drivers\STM32F1xx_HAL_Driver\Src\stm32f1xx_hal_gpio_ex.c 0x00000000   Number         0  stm32f1xx_hal_gpio_ex.o ABSOLUTE
    ..\Drivers\STM32F1xx_HAL_Driver\Src\stm32f1xx_hal_pwr.c 0x00000000   Number         0  stm32f1xx_hal_pwr.o ABSOLUTE
    ..\Drivers\STM32F1xx_HAL_Driver\Src\stm32f1xx_hal_rcc.c 0x00000000   Number         0  stm32f1xx_hal_rcc.o ABSOLUTE
    ..\Drivers\STM32F1xx_HAL_Driver\Src\stm32f1xx_hal_rcc_ex.c 0x00000000   Number         0  stm32f1xx_hal_rcc_ex.o ABSOLUTE
    ..\Drivers\STM32F1xx_HAL_Driver\Src\stm32f1xx_hal_uart.c 0x00000000   Number         0  stm32f1xx_hal_uart.o ABSOLUTE
    ..\Middlewares\Third_Party\FreeRTOS\Source\portable\RVDS\ARM_CM3\port.c 0x00000000   Number         0  port.o ABSOLUTE
    ..\RTT\SEGGER_RTT.c                      0x00000000   Number         0  segger_rtt.o ABSOLUTE
    ..\RTT\SEGGER_RTT_printf.c               0x00000000   Number         0  segger_rtt_printf.o ABSOLUTE
    ..\Src\main.c                            0x00000000   Number         0  main.o ABSOLUTE
    ..\Src\stm32f1xx_hal_msp.c               0x00000000   Number         0  stm32f1xx_hal_msp.o ABSOLUTE
    ..\Src\stm32f1xx_it.c                    0x00000000   Number         0  stm32f1xx_it.o ABSOLUTE
    ..\USER_ADD_TO_CMSIS_OS\CMSIS_OS_SUPPLEMENT.c 0x00000000   Number         0  cmsis_os_supplement.o ABSOLUTE
    ..\\APP\\HalCallBack.c                   0x00000000   Number         0  halcallback.o ABSOLUTE
    ..\\APP\\HandlerUartData.c               0x00000000   Number         0  handleruartdata.o ABSOLUTE
    ..\\BSP\\Bsp.c                           0x00000000   Number         0  bsp.o ABSOLUTE
    ..\\BSP\\BspAdc.c                        0x00000000   Number         0  bspadc.o ABSOLUTE
    ..\\BSP\\BspKey.c                        0x00000000   Number         0  bspkey.o ABSOLUTE
    ..\\BSP\\BspLed.c                        0x00000000   Number         0  bspled.o ABSOLUTE
    ..\\BSP\\BspUart.c                       0x00000000   Number         0  bspuart.o ABSOLUTE
    dc.s                                     0x00000000   Number         0  dc.o ABSOLUTE
    handlers.s                               0x00000000   Number         0  handlers.o ABSOLUTE
    init.s                                   0x00000000   Number         0  init.o ABSOLUTE
    RESET                                    0x08000000   Section      236  startup_stm32f103xb.o(RESET)
    .ARM.Collect$$$$00000000                 0x080000ec   Section        0  entry.o(.ARM.Collect$$$$00000000)
    .ARM.Collect$$$$00000001                 0x080000ec   Section        4  entry2.o(.ARM.Collect$$$$00000001)
    .ARM.Collect$$$$00000004                 0x080000f0   Section        4  entry5.o(.ARM.Collect$$$$00000004)
    .ARM.Collect$$$$00000008                 0x080000f4   Section        0  entry7b.o(.ARM.Collect$$$$00000008)
    .ARM.Collect$$$$0000000A                 0x080000f4   Section        0  entry8b.o(.ARM.Collect$$$$0000000A)
    .ARM.Collect$$$$0000000B                 0x080000f4   Section        8  entry9a.o(.ARM.Collect$$$$0000000B)
    .ARM.Collect$$$$0000000D                 0x080000fc   Section        0  entry10a.o(.ARM.Collect$$$$0000000D)
    .ARM.Collect$$$$0000000F                 0x080000fc   Section        0  entry11a.o(.ARM.Collect$$$$0000000F)
    .ARM.Collect$$$$00002712                 0x080000fc   Section        4  entry2.o(.ARM.Collect$$$$00002712)
    __lit__00000000                          0x080000fc   Data           4  entry2.o(.ARM.Collect$$$$00002712)
    .emb_text                                0x08000100   Section      162  port.o(.emb_text)
    .text                                    0x080001a4   Section       36  startup_stm32f103xb.o(.text)
    .text                                    0x080001c8   Section        0  memcpya.o(.text)
    .text                                    0x080001ec   Section        0  memseta.o(.text)
    .text                                    0x08000210   Section       36  init.o(.text)
    i.ADC_ConversionStop_Disable             0x08000234   Section        0  stm32f1xx_hal_adc.o(i.ADC_ConversionStop_Disable)
    i.ADC_DMAConvCplt                        0x08000280   Section        0  stm32f1xx_hal_adc.o(i.ADC_DMAConvCplt)
    i.ADC_DMAError                           0x080002ce   Section        0  stm32f1xx_hal_adc.o(i.ADC_DMAError)
    i.ADC_DMAHalfConvCplt                    0x080002e8   Section        0  stm32f1xx_hal_adc.o(i.ADC_DMAHalfConvCplt)
    i.ADC_Enable                             0x080002f4   Section        0  stm32f1xx_hal_adc.o(i.ADC_Enable)
    i.AdcAdjustValueInit                     0x08000364   Section        0  bspadc.o(i.AdcAdjustValueInit)
    i.AdcInit                                0x08000390   Section        0  bspadc.o(i.AdcInit)
    i.BspInit                                0x080003b4   Section        0  bsp.o(i.BspInit)
    i.CallBackUartTxToPC                     0x080003cc   Section        0  bspuart.o(i.CallBackUartTxToPC)
    i.Callback_Adc                           0x08000418   Section        0  main.o(i.Callback_Adc)
    i.Callback_Key                           0x0800041a   Section        0  main.o(i.Callback_Key)
    i.Callback_Led                           0x0800041e   Section        0  main.o(i.Callback_Led)
    i.DMA1_Channel1_IRQHandler               0x08000420   Section        0  stm32f1xx_it.o(i.DMA1_Channel1_IRQHandler)
    i.DMA_SetConfig                          0x0800042c   Section        0  stm32f1xx_hal_dma.o(i.DMA_SetConfig)
    DMA_SetConfig                            0x0800042d   Thumb Code    30  stm32f1xx_hal_dma.o(i.DMA_SetConfig)
    i.HAL_ADC_ConfigChannel                  0x0800044c   Section        0  stm32f1xx_hal_adc.o(i.HAL_ADC_ConfigChannel)
    i.HAL_ADC_ConvCpltCallback               0x080005b4   Section        0  stm32f1xx_hal_adc.o(i.HAL_ADC_ConvCpltCallback)
    i.HAL_ADC_ConvHalfCpltCallback           0x080005b6   Section        0  stm32f1xx_hal_adc.o(i.HAL_ADC_ConvHalfCpltCallback)
    i.HAL_ADC_ErrorCallback                  0x080005b8   Section        0  stm32f1xx_hal_adc.o(i.HAL_ADC_ErrorCallback)
    i.HAL_ADC_Init                           0x080005bc   Section        0  stm32f1xx_hal_adc.o(i.HAL_ADC_Init)
    i.HAL_ADC_MspInit                        0x080006ec   Section        0  stm32f1xx_hal_msp.o(i.HAL_ADC_MspInit)
    i.HAL_ADC_Start_DMA                      0x08000760   Section        0  stm32f1xx_hal_adc.o(i.HAL_ADC_Start_DMA)
    i.HAL_DMA_IRQHandler                     0x0800086c   Section        0  stm32f1xx_hal_dma.o(i.HAL_DMA_IRQHandler)
    i.HAL_DMA_Init                           0x08000ad8   Section        0  stm32f1xx_hal_dma.o(i.HAL_DMA_Init)
    i.HAL_DMA_Start_IT                       0x08000b28   Section        0  stm32f1xx_hal_dma.o(i.HAL_DMA_Start_IT)
    i.HAL_Delay                              0x08000b80   Section        0  stm32f1xx_hal.o(i.HAL_Delay)
    i.HAL_GPIO_Init                          0x08000b98   Section        0  stm32f1xx_hal_gpio.o(i.HAL_GPIO_Init)
    i.HAL_GPIO_ReadPin                       0x08000d54   Section        0  stm32f1xx_hal_gpio.o(i.HAL_GPIO_ReadPin)
    i.HAL_GetTick                            0x08000d60   Section        0  stm32f1xx_hal.o(i.HAL_GetTick)
    i.HAL_Init                               0x08000d6c   Section        0  stm32f1xx_hal.o(i.HAL_Init)
    i.HAL_InitTick                           0x08000d90   Section        0  stm32f1xx_hal.o(i.HAL_InitTick)
    i.HAL_MspInit                            0x08000db4   Section        0  stm32f1xx_hal_msp.o(i.HAL_MspInit)
    i.HAL_NVIC_EnableIRQ                     0x08000df0   Section        0  stm32f1xx_hal_cortex.o(i.HAL_NVIC_EnableIRQ)
    i.HAL_NVIC_SetPriority                   0x08000e08   Section        0  stm32f1xx_hal_cortex.o(i.HAL_NVIC_SetPriority)
    i.HAL_NVIC_SetPriorityGrouping           0x08000e48   Section        0  stm32f1xx_hal_cortex.o(i.HAL_NVIC_SetPriorityGrouping)
    i.HAL_RCCEx_PeriphCLKConfig              0x08000e6c   Section        0  stm32f1xx_hal_rcc_ex.o(i.HAL_RCCEx_PeriphCLKConfig)
    i.HAL_RCC_ClockConfig                    0x08000f94   Section        0  stm32f1xx_hal_rcc.o(i.HAL_RCC_ClockConfig)
    i.HAL_RCC_GetHCLKFreq                    0x0800121c   Section        0  stm32f1xx_hal_rcc.o(i.HAL_RCC_GetHCLKFreq)
    i.HAL_RCC_GetPCLK1Freq                   0x08001250   Section        0  stm32f1xx_hal_rcc.o(i.HAL_RCC_GetPCLK1Freq)
    i.HAL_RCC_GetPCLK2Freq                   0x0800127c   Section        0  stm32f1xx_hal_rcc.o(i.HAL_RCC_GetPCLK2Freq)
    i.HAL_RCC_GetSysClockFreq                0x080012a8   Section        0  stm32f1xx_hal_rcc.o(i.HAL_RCC_GetSysClockFreq)
    i.HAL_RCC_OscConfig                      0x08001330   Section        0  stm32f1xx_hal_rcc.o(i.HAL_RCC_OscConfig)
    i.HAL_SYSTICK_CLKSourceConfig            0x08001962   Section        0  stm32f1xx_hal_cortex.o(i.HAL_SYSTICK_CLKSourceConfig)
    i.HAL_SYSTICK_Config                     0x0800197a   Section        0  stm32f1xx_hal_cortex.o(i.HAL_SYSTICK_Config)
    i.HAL_UART_ErrorCallback                 0x080019a2   Section        0  stm32f1xx_hal_uart.o(i.HAL_UART_ErrorCallback)
    i.HAL_UART_Init                          0x080019a4   Section        0  stm32f1xx_hal_uart.o(i.HAL_UART_Init)
    i.HAL_UART_MspInit                       0x08001a04   Section        0  stm32f1xx_hal_msp.o(i.HAL_UART_MspInit)
    i.HAL_UART_Receive_IT                    0x08001a5c   Section        0  stm32f1xx_hal_uart.o(i.HAL_UART_Receive_IT)
    i.HAL_UART_Transmit_DMA                  0x08001ac8   Section        0  stm32f1xx_hal_uart.o(i.HAL_UART_Transmit_DMA)
    i.HAL_UART_TxCpltCallback                0x08001b58   Section        0  halcallback.o(i.HAL_UART_TxCpltCallback)
    i.HAL_UART_TxHalfCpltCallback            0x08001b74   Section        0  stm32f1xx_hal_uart.o(i.HAL_UART_TxHalfCpltCallback)
    i.InitUartRxBuffer                       0x08001b78   Section        0  handleruartdata.o(i.InitUartRxBuffer)
    i.InitUartToPLDataCorresponding          0x08001b88   Section        0  handleruartdata.o(i.InitUartToPLDataCorresponding)
    i.KeyInit                                0x08001ba8   Section        0  bspkey.o(i.KeyInit)
    i.KeyPro                                 0x08001be4   Section        0  bspkey.o(i.KeyPro)
    i.Keychange                              0x08001bf4   Section        0  bspkey.o(i.Keychange)
    i.Keycheck                               0x08001c50   Section        0  bspkey.o(i.Keycheck)
    i.LedInit                                0x08001ce4   Section        0  bspled.o(i.LedInit)
    i.MX_ADC1_Init                           0x08001cfc   Section        0  main.o(i.MX_ADC1_Init)
    MX_ADC1_Init                             0x08001cfd   Thumb Code    92  main.o(i.MX_ADC1_Init)
    i.MX_GPIO_Init                           0x08001d60   Section        0  main.o(i.MX_GPIO_Init)
    MX_GPIO_Init                             0x08001d61   Thumb Code    96  main.o(i.MX_GPIO_Init)
    i.NVIC_SetPriority                       0x08001dcc   Section        0  stm32f1xx_hal_cortex.o(i.NVIC_SetPriority)
    NVIC_SetPriority                         0x08001dcd   Thumb Code    32  stm32f1xx_hal_cortex.o(i.NVIC_SetPriority)
    i.SEGGER_RTT_Write                       0x08001dec   Section        0  segger_rtt.o(i.SEGGER_RTT_Write)
    i.SEGGER_RTT_printf                      0x08001e80   Section        0  segger_rtt_printf.o(i.SEGGER_RTT_printf)
    i.SEGGER_RTT_vprintf                     0x08001e98   Section        0  segger_rtt_printf.o(i.SEGGER_RTT_vprintf)
    i.StartTaskUartTx                        0x0800202a   Section        0  main.o(i.StartTaskUartTx)
    i.SysTick_Handler                        0x0800202e   Section        0  stm32f1xx_it.o(i.SysTick_Handler)
    i.SystemClock_Config                     0x08002032   Section        0  main.o(i.SystemClock_Config)
    i.SystemInit                             0x0800209c   Section        0  system_stm32f1xx.o(i.SystemInit)
    i.UART_DMAError                          0x080020e4   Section        0  stm32f1xx_hal_uart.o(i.UART_DMAError)
    UART_DMAError                            0x080020e5   Thumb Code    30  stm32f1xx_hal_uart.o(i.UART_DMAError)
    i.UART_DMATransmitCplt                   0x08002102   Section        0  stm32f1xx_hal_uart.o(i.UART_DMATransmitCplt)
    UART_DMATransmitCplt                     0x08002103   Thumb Code    46  stm32f1xx_hal_uart.o(i.UART_DMATransmitCplt)
    i.UART_DMATxHalfCplt                     0x08002130   Section        0  stm32f1xx_hal_uart.o(i.UART_DMATxHalfCplt)
    UART_DMATxHalfCplt                       0x08002131   Thumb Code    10  stm32f1xx_hal_uart.o(i.UART_DMATxHalfCplt)
    i.UART_SetConfig                         0x0800213c   Section        0  stm32f1xx_hal_uart.o(i.UART_SetConfig)
    UART_SetConfig                           0x0800213d   Thumb Code   220  stm32f1xx_hal_uart.o(i.UART_SetConfig)
    i.UartInit                               0x0800221c   Section        0  bspuart.o(i.UartInit)
    i._PrintInt                              0x08002248   Section        0  segger_rtt_printf.o(i._PrintInt)
    _PrintInt                                0x08002249   Thumb Code   194  segger_rtt_printf.o(i._PrintInt)
    i._PrintUnsigned                         0x0800230c   Section        0  segger_rtt_printf.o(i._PrintUnsigned)
    _PrintUnsigned                           0x0800230d   Thumb Code   216  segger_rtt_printf.o(i._PrintUnsigned)
    i._StoreChar                             0x080023e8   Section        0  segger_rtt_printf.o(i._StoreChar)
    _StoreChar                               0x080023e9   Thumb Code    62  segger_rtt_printf.o(i._StoreChar)
    i.__scatterload_copy                     0x08002426   Section       14  handlers.o(i.__scatterload_copy)
    i.__scatterload_null                     0x08002434   Section        2  handlers.o(i.__scatterload_null)
    i.__scatterload_zeroinit                 0x08002436   Section       14  handlers.o(i.__scatterload_zeroinit)
    i.inHandlerMode                          0x08002444   Section        0  cmsis_os.o(i.inHandlerMode)
    inHandlerMode                            0x08002445   Thumb Code    12  cmsis_os.o(i.inHandlerMode)
    i.main                                   0x08002450   Section        0  main.o(i.main)
    i.makeFreeRtosPriority                   0x08002540   Section        0  cmsis_os.o(i.makeFreeRtosPriority)
    makeFreeRtosPriority                     0x08002541   Thumb Code    12  cmsis_os.o(i.makeFreeRtosPriority)
    i.osKernelStart                          0x0800254c   Section        0  cmsis_os.o(i.osKernelStart)
    i.osMessageCreate                        0x08002556   Section        0  cmsis_os.o(i.osMessageCreate)
    i.osMessageGet                           0x08002560   Section        0  cmsis_os.o(i.osMessageGet)
    i.osSemaphoreCreate                      0x080025f0   Section        0  cmsis_os.o(i.osSemaphoreCreate)
    i.osSemaphoreRelease                     0x08002620   Section        0  cmsis_os.o(i.osSemaphoreRelease)
    i.osSemaphoreWait                        0x08002668   Section        0  cmsis_os.o(i.osSemaphoreWait)
    i.osSystickHandler                       0x080026c8   Section        0  cmsis_os.o(i.osSystickHandler)
    i.osThreadCreate                         0x080026dc   Section        0  cmsis_os.o(i.osThreadCreate)
    i.osTimerCreate                          0x08002714   Section        0  cmsis_os.o(i.osTimerCreate)
    i.osTimerStart                           0x08002738   Section        0  cmsis_os.o(i.osTimerStart)
    i.osUserDefinedSemaphoreCreate           0x080027ec   Section        0  cmsis_os_supplement.o(i.osUserDefinedSemaphoreCreate)
    i.prvAddCurrentTaskToDelayedList         0x08002818   Section        0  tasks.o(i.prvAddCurrentTaskToDelayedList)
    prvAddCurrentTaskToDelayedList           0x08002819   Thumb Code    48  tasks.o(i.prvAddCurrentTaskToDelayedList)
    i.prvCheckForValidListAndQueue           0x0800284c   Section        0  timers.o(i.prvCheckForValidListAndQueue)
    prvCheckForValidListAndQueue             0x0800284d   Thumb Code    68  timers.o(i.prvCheckForValidListAndQueue)
    i.prvCheckTasksWaitingTermination        0x080028a0   Section        0  tasks.o(i.prvCheckTasksWaitingTermination)
    prvCheckTasksWaitingTermination          0x080028a1   Thumb Code    76  tasks.o(i.prvCheckTasksWaitingTermination)
    i.prvCopyDataFromQueue                   0x080028f4   Section        0  queue.o(i.prvCopyDataFromQueue)
    prvCopyDataFromQueue                     0x080028f5   Thumb Code    38  queue.o(i.prvCopyDataFromQueue)
    i.prvCopyDataToQueue                     0x0800291a   Section        0  queue.o(i.prvCopyDataToQueue)
    prvCopyDataToQueue                       0x0800291b   Thumb Code   110  queue.o(i.prvCopyDataToQueue)
    i.prvHeapInit                            0x08002988   Section        0  heap_4.o(i.prvHeapInit)
    prvHeapInit                              0x08002989   Thumb Code    66  heap_4.o(i.prvHeapInit)
    i.prvIdleTask                            0x080029d4   Section        0  tasks.o(i.prvIdleTask)
    prvIdleTask                              0x080029d5   Thumb Code    24  tasks.o(i.prvIdleTask)
    i.prvInsertBlockIntoFreeList             0x080029f0   Section        0  heap_4.o(i.prvInsertBlockIntoFreeList)
    prvInsertBlockIntoFreeList               0x080029f1   Thumb Code    72  heap_4.o(i.prvInsertBlockIntoFreeList)
    i.prvInsertTimerInActiveList             0x08002a3c   Section        0  timers.o(i.prvInsertTimerInActiveList)
    prvInsertTimerInActiveList               0x08002a3d   Thumb Code    52  timers.o(i.prvInsertTimerInActiveList)
    i.prvProcessReceivedCommands             0x08002a74   Section        0  timers.o(i.prvProcessReceivedCommands)
    prvProcessReceivedCommands               0x08002a75   Thumb Code   162  timers.o(i.prvProcessReceivedCommands)
    i.prvProcessTimerOrBlockTask             0x08002b1c   Section        0  timers.o(i.prvProcessTimerOrBlockTask)
    prvProcessTimerOrBlockTask               0x08002b1d   Thumb Code   136  timers.o(i.prvProcessTimerOrBlockTask)
    i.prvResetNextTaskUnblockTime            0x08002ba8   Section        0  tasks.o(i.prvResetNextTaskUnblockTime)
    prvResetNextTaskUnblockTime              0x08002ba9   Thumb Code    26  tasks.o(i.prvResetNextTaskUnblockTime)
    i.prvSampleTimeNow                       0x08002bc8   Section        0  timers.o(i.prvSampleTimeNow)
    prvSampleTimeNow                         0x08002bc9   Thumb Code    36  timers.o(i.prvSampleTimeNow)
    i.prvSwitchTimerLists                    0x08002bf0   Section        0  timers.o(i.prvSwitchTimerLists)
    prvSwitchTimerLists                      0x08002bf1   Thumb Code    92  timers.o(i.prvSwitchTimerLists)
    i.prvTaskExitError                       0x08002c50   Section        0  port.o(i.prvTaskExitError)
    prvTaskExitError                         0x08002c51   Thumb Code    20  port.o(i.prvTaskExitError)
    i.prvTimerTask                           0x08002c68   Section        0  timers.o(i.prvTimerTask)
    prvTimerTask                             0x08002c69   Thumb Code    32  timers.o(i.prvTimerTask)
    i.prvUnlockQueue                         0x08002c8c   Section        0  queue.o(i.prvUnlockQueue)
    prvUnlockQueue                           0x08002c8d   Thumb Code   100  queue.o(i.prvUnlockQueue)
    i.pvPortMalloc                           0x08002cf0   Section        0  heap_4.o(i.pvPortMalloc)
    i.pvTaskIncrementMutexHeldCount          0x08002dac   Section        0  tasks.o(i.pvTaskIncrementMutexHeldCount)
    i.pxPortInitialiseStack                  0x08002dc4   Section        0  port.o(i.pxPortInitialiseStack)
    i.uxListRemove                           0x08002de4   Section        0  list.o(i.uxListRemove)
    i.vApplicationIdleHook                   0x08002e08   Section        0  freertos.o(i.vApplicationIdleHook)
    i.vApplicationTickHook                   0x08002e0a   Section        0  freertos.o(i.vApplicationTickHook)
    i.vListInitialise                        0x08002e0c   Section        0  list.o(i.vListInitialise)
    i.vListInitialiseItem                    0x08002e22   Section        0  list.o(i.vListInitialiseItem)
    i.vListInsert                            0x08002e28   Section        0  list.o(i.vListInsert)
    i.vListInsertEnd                         0x08002e58   Section        0  list.o(i.vListInsertEnd)
    i.vPortEnterCritical                     0x08002e70   Section        0  port.o(i.vPortEnterCritical)
    i.vPortExitCritical                      0x08002ea4   Section        0  port.o(i.vPortExitCritical)
    i.vPortFree                              0x08002ec8   Section        0  heap_4.o(i.vPortFree)
    i.vPortSetupTimerInterrupt               0x08002f10   Section        0  port.o(i.vPortSetupTimerInterrupt)
    i.vPortValidateInterruptPriority         0x08002f30   Section        0  port.o(i.vPortValidateInterruptPriority)
    i.vPortYield                             0x08002f70   Section        0  port.o(i.vPortYield)
    i.vQueueAddToRegistry                    0x08002f88   Section        0  queue.o(i.vQueueAddToRegistry)
    i.vQueueWaitForMessageRestricted         0x08002fb0   Section        0  queue.o(i.vQueueWaitForMessageRestricted)
    i.vTaskMissedYield                       0x08002fe8   Section        0  tasks.o(i.vTaskMissedYield)
    i.vTaskPlaceOnEventList                  0x08002ff4   Section        0  tasks.o(i.vTaskPlaceOnEventList)
    i.vTaskPlaceOnEventListRestricted        0x0800304c   Section        0  tasks.o(i.vTaskPlaceOnEventListRestricted)
    i.vTaskPriorityInherit                   0x08003090   Section        0  tasks.o(i.vTaskPriorityInherit)
    i.vTaskSetTimeOutState                   0x08003114   Section        0  tasks.o(i.vTaskSetTimeOutState)
    i.vTaskStartScheduler                    0x08003130   Section        0  tasks.o(i.vTaskStartScheduler)
    i.vTaskSuspendAll                        0x08003184   Section        0  tasks.o(i.vTaskSuspendAll)
    i.vTaskSwitchContext                     0x08003194   Section        0  tasks.o(i.vTaskSwitchContext)
    i.xPortStartScheduler                    0x080031e8   Section        0  port.o(i.xPortStartScheduler)
    i.xPortSysTickHandler                    0x0800325c   Section        0  port.o(i.xPortSysTickHandler)
    i.xQueueCreateCountingSemaphore          0x08003280   Section        0  queue.o(i.xQueueCreateCountingSemaphore)
    i.xQueueGenericCreate                    0x080032aa   Section        0  queue.o(i.xQueueGenericCreate)
    i.xQueueGenericReceive                   0x080032fc   Section        0  queue.o(i.xQueueGenericReceive)
    i.xQueueGenericReset                     0x0800342a   Section        0  queue.o(i.xQueueGenericReset)
    i.xQueueGenericSend                      0x08003494   Section        0  queue.o(i.xQueueGenericSend)
    i.xQueueGenericSendFromISR               0x080035a8   Section        0  queue.o(i.xQueueGenericSendFromISR)
    i.xQueueGiveFromISR                      0x08003634   Section        0  queue.o(i.xQueueGiveFromISR)
    i.xQueueReceiveFromISR                   0x080036aa   Section        0  queue.o(i.xQueueReceiveFromISR)
    i.xTaskCheckForTimeOut                   0x08003720   Section        0  tasks.o(i.xTaskCheckForTimeOut)
    i.xTaskGenericCreate                     0x08003778   Section        0  tasks.o(i.xTaskGenericCreate)
    i.xTaskGetSchedulerState                 0x08003904   Section        0  tasks.o(i.xTaskGetSchedulerState)
    i.xTaskGetTickCount                      0x08003920   Section        0  tasks.o(i.xTaskGetTickCount)
    i.xTaskGetTickCountFromISR               0x0800392c   Section        0  tasks.o(i.xTaskGetTickCountFromISR)
    i.xTaskIncrementTick                     0x0800393c   Section        0  tasks.o(i.xTaskIncrementTick)
    i.xTaskPriorityDisinherit                0x08003a08   Section        0  tasks.o(i.xTaskPriorityDisinherit)
    i.xTaskRemoveFromEventList               0x08003a8c   Section        0  tasks.o(i.xTaskRemoveFromEventList)
    i.xTaskResumeAll                         0x08003af8   Section        0  tasks.o(i.xTaskResumeAll)
    i.xTimerCreate                           0x08003ba4   Section        0  timers.o(i.xTimerCreate)
    i.xTimerCreateTimerTask                  0x08003be4   Section        0  timers.o(i.xTimerCreateTimerTask)
    i.xTimerGenericCommand                   0x08003c28   Section        0  timers.o(i.xTimerGenericCommand)
    i.xTimerIsTimerActive                    0x08003c70   Section        0  timers.o(i.xTimerIsTimerActive)
    .constdata                               0x08003c8c   Section       40  main.o(.constdata)
    .constdata                               0x08003cb4   Section       16  stm32f1xx_hal_rcc.o(.constdata)
    .constdata                               0x08003cc4   Section       16  segger_rtt_printf.o(.constdata)
    _aV2C                                    0x08003cc4   Data          16  segger_rtt_printf.o(.constdata)
    .conststring                             0x08003cd4   Section       11  main.o(.conststring)
    .conststring                             0x08003ce0   Section        9  segger_rtt.o(.conststring)
    .data                                    0x20000000   Section       12  port.o(.data)
    ucMaxSysCallPriority                     0x20000000   Data           1  port.o(.data)
    uxCriticalNesting                        0x20000004   Data           4  port.o(.data)
    ulMaxPRIGROUPValue                       0x20000008   Data           4  port.o(.data)
    .data                                    0x2000000c   Section       56  tasks.o(.data)
    uxTasksDeleted                           0x20000010   Data           4  tasks.o(.data)
    uxCurrentNumberOfTasks                   0x20000014   Data           4  tasks.o(.data)
    xTickCount                               0x20000018   Data           4  tasks.o(.data)
    uxTopReadyPriority                       0x2000001c   Data           4  tasks.o(.data)
    xSchedulerRunning                        0x20000020   Data           4  tasks.o(.data)
    uxPendedTicks                            0x20000024   Data           4  tasks.o(.data)
    xYieldPending                            0x20000028   Data           4  tasks.o(.data)
    xNumOfOverflows                          0x2000002c   Data           4  tasks.o(.data)
    uxTaskNumber                             0x20000030   Data           4  tasks.o(.data)
    xNextTaskUnblockTime                     0x20000034   Data           4  tasks.o(.data)
    uxSchedulerSuspended                     0x20000038   Data           4  tasks.o(.data)
    pxDelayedTaskList                        0x2000003c   Data           4  tasks.o(.data)
    pxOverflowDelayedTaskList                0x20000040   Data           4  tasks.o(.data)
    .data                                    0x20000044   Section       16  timers.o(.data)
    xTimerQueue                              0x20000044   Data           4  timers.o(.data)
    xLastTime                                0x20000048   Data           4  timers.o(.data)
    pxCurrentTimerList                       0x2000004c   Data           4  timers.o(.data)
    pxOverflowTimerList                      0x20000050   Data           4  timers.o(.data)
    .data                                    0x20000054   Section       24  heap_4.o(.data)
    pxEnd                                    0x20000054   Data           4  heap_4.o(.data)
    xFreeBytesRemaining                      0x20000058   Data           4  heap_4.o(.data)
    xMinimumEverFreeBytesRemaining           0x2000005c   Data           4  heap_4.o(.data)
    xBlockAllocatedBit                       0x20000060   Data           4  heap_4.o(.data)
    xStart                                   0x20000064   Data           8  heap_4.o(.data)
    .data                                    0x2000006c   Section       28  main.o(.data)
    .data                                    0x20000088   Section        4  system_stm32f1xx.o(.data)
    .data                                    0x2000008c   Section        4  stm32f1xx_hal.o(.data)
    uwTick                                   0x2000008c   Data           4  stm32f1xx_hal.o(.data)
    .data                                    0x20000090   Section        8  bspkey.o(.data)
    .data                                    0x20000098   Section        8  bspled.o(.data)
    .data                                    0x200000a0   Section        1  bspuart.o(.data)
    .data                                    0x200000a2   Section       10  handleruartdata.o(.data)
    s_IndexQueue                             0x200000a2   Data           1  handleruartdata.o(.data)
    s_NumUartSendTime                        0x200000a4   Data           2  handleruartdata.o(.data)
    s_tKeySendCorresponding                  0x200000a6   Data           2  handleruartdata.o(.data)
    s_tAdcSendCorresponding                  0x200000a8   Data           4  handleruartdata.o(.data)
    .data                                    0x200000ac   Section      124  segger_rtt.o(.data)
    _ActiveTerminal                          0x200000ac   Data           1  segger_rtt.o(.data)
    _SEGGER_RTT                              0x200000b0   Data         120  segger_rtt.o(.data)
    .bss                                     0x20000128   Section       64  queue.o(.bss)
    .bss                                     0x20000168   Section      240  tasks.o(.bss)
    pxReadyTasksLists                        0x20000168   Data         140  tasks.o(.bss)
    xDelayedTaskList1                        0x200001f4   Data          20  tasks.o(.bss)
    xDelayedTaskList2                        0x20000208   Data          20  tasks.o(.bss)
    xPendingReadyList                        0x2000021c   Data          20  tasks.o(.bss)
    xTasksWaitingTermination                 0x20000230   Data          20  tasks.o(.bss)
    xSuspendedTaskList                       0x20000244   Data          20  tasks.o(.bss)
    .bss                                     0x20000258   Section       40  timers.o(.bss)
    xActiveTimerList1                        0x20000258   Data          20  timers.o(.bss)
    xActiveTimerList2                        0x2000026c   Data          20  timers.o(.bss)
    .bss                                     0x20000280   Section    10240  heap_4.o(.bss)
    ucHeap                                   0x20000280   Data       10240  heap_4.o(.bss)
    .bss                                     0x20002a80   Section      112  main.o(.bss)
    .bss                                     0x20002af0   Section       56  main.o(.bss)
    .bss                                     0x20002b28   Section       40  bspkey.o(.bss)
    .bss                                     0x20002b50   Section       69  bspuart.o(.bss)
    .bss                                     0x20002b98   Section      216  bspadc.o(.bss)
    s_tAdcStatus                             0x20002b98   Data         176  bspadc.o(.bss)
    .bss                                     0x20002c70   Section      404  handleruartdata.o(.bss)
    s_tUartRx                                0x20002c70   Data         404  handleruartdata.o(.bss)
    .bss                                     0x20002e04   Section     1024  segger_rtt.o(.bss)
    _acUpBuffer                              0x20002e04   Data        1024  segger_rtt.o(.bss)
    .bss                                     0x20003204   Section       16  segger_rtt.o(.bss)
    _acDownBuffer                            0x20003204   Data          16  segger_rtt.o(.bss)
    STACK                                    0x20003218   Section     1024  startup_stm32f103xb.o(STACK)

    Global Symbols

    Symbol Name                              Value     Ov Type        Size  Object(Section)

    BuildAttributes$$THM_ISAv4$P$D$K$B$S$PE$A:L22UL41UL21$X:L11$S22US41US21$IEEE1$IW$USESV6$~STKCKD$USESV7$~SHL$OSPACE$EBA8$MICROLIB$REQ8$PRES8$EABIv2 0x00000000   Number         0  anon$$obj.o ABSOLUTE
    __ARM_use_no_argv                        0x00000000   Number         0  main.o ABSOLUTE
    __cpp_initialize__aeabi_                  - Undefined Weak Reference
    __cxa_finalize                            - Undefined Weak Reference
    __decompress                              - Undefined Weak Reference
    _clock_init                               - Undefined Weak Reference
    _microlib_exit                            - Undefined Weak Reference
    __Vectors_Size                           0x000000ec   Number         0  startup_stm32f103xb.o ABSOLUTE
    __Vectors                                0x08000000   Data           4  startup_stm32f103xb.o(RESET)
    __Vectors_End                            0x080000ec   Data           0  startup_stm32f103xb.o(RESET)
    __main                                   0x080000ed   Thumb Code     0  entry.o(.ARM.Collect$$$$00000000)
    _main_stk                                0x080000ed   Thumb Code     0  entry2.o(.ARM.Collect$$$$00000001)
    _main_scatterload                        0x080000f1   Thumb Code     0  entry5.o(.ARM.Collect$$$$00000004)
    __main_after_scatterload                 0x080000f5   Thumb Code     0  entry5.o(.ARM.Collect$$$$00000004)
    _main_clock                              0x080000f5   Thumb Code     0  entry7b.o(.ARM.Collect$$$$00000008)
    _main_cpp_init                           0x080000f5   Thumb Code     0  entry8b.o(.ARM.Collect$$$$0000000A)
    _main_init                               0x080000f5   Thumb Code     0  entry9a.o(.ARM.Collect$$$$0000000B)
    __rt_final_cpp                           0x080000fd   Thumb Code     0  entry10a.o(.ARM.Collect$$$$0000000D)
    __rt_final_exit                          0x080000fd   Thumb Code     0  entry11a.o(.ARM.Collect$$$$0000000F)
    SVC_Handler                              0x08000101   Thumb Code    32  port.o(.emb_text)
    __asm___6_port_c_39a90d8d__prvStartFirstTask 0x08000125   Thumb Code    28  port.o(.emb_text)
    PendSV_Handler                           0x08000145   Thumb Code    64  port.o(.emb_text)
    ulPortSetInterruptMask                   0x08000189   Thumb Code    14  port.o(.emb_text)
    vPortClearInterruptMask                  0x08000197   Thumb Code     6  port.o(.emb_text)
    vPortGetIPSR                             0x0800019d   Thumb Code     6  port.o(.emb_text)
    Reset_Handler                            0x080001a5   Thumb Code     8  startup_stm32f103xb.o(.text)
    NMI_Handler                              0x080001ad   Thumb Code     2  startup_stm32f103xb.o(.text)
    HardFault_Handler                        0x080001af   Thumb Code     2  startup_stm32f103xb.o(.text)
    MemManage_Handler                        0x080001b1   Thumb Code     2  startup_stm32f103xb.o(.text)
    BusFault_Handler                         0x080001b3   Thumb Code     2  startup_stm32f103xb.o(.text)
    UsageFault_Handler                       0x080001b5   Thumb Code     2  startup_stm32f103xb.o(.text)
    DebugMon_Handler                         0x080001b9   Thumb Code     2  startup_stm32f103xb.o(.text)
    ADC1_2_IRQHandler                        0x080001bf   Thumb Code     0  startup_stm32f103xb.o(.text)
    CAN1_RX1_IRQHandler                      0x080001bf   Thumb Code     0  startup_stm32f103xb.o(.text)
    CAN1_SCE_IRQHandler                      0x080001bf   Thumb Code     0  startup_stm32f103xb.o(.text)
    DMA1_Channel2_IRQHandler                 0x080001bf   Thumb Code     0  startup_stm32f103xb.o(.text)
    DMA1_Channel3_IRQHandler                 0x080001bf   Thumb Code     0  startup_stm32f103xb.o(.text)
    DMA1_Channel4_IRQHandler                 0x080001bf   Thumb Code     0  startup_stm32f103xb.o(.text)
    DMA1_Channel5_IRQHandler                 0x080001bf   Thumb Code     0  startup_stm32f103xb.o(.text)
    DMA1_Channel6_IRQHandler                 0x080001bf   Thumb Code     0  startup_stm32f103xb.o(.text)
    DMA1_Channel7_IRQHandler                 0x080001bf   Thumb Code     0  startup_stm32f103xb.o(.text)
    EXTI0_IRQHandler                         0x080001bf   Thumb Code     0  startup_stm32f103xb.o(.text)
    EXTI15_10_IRQHandler                     0x080001bf   Thumb Code     0  startup_stm32f103xb.o(.text)
    EXTI1_IRQHandler                         0x080001bf   Thumb Code     0  startup_stm32f103xb.o(.text)
    EXTI2_IRQHandler                         0x080001bf   Thumb Code     0  startup_stm32f103xb.o(.text)
    EXTI3_IRQHandler                         0x080001bf   Thumb Code     0  startup_stm32f103xb.o(.text)
    EXTI4_IRQHandler                         0x080001bf   Thumb Code     0  startup_stm32f103xb.o(.text)
    EXTI9_5_IRQHandler                       0x080001bf   Thumb Code     0  startup_stm32f103xb.o(.text)
    FLASH_IRQHandler                         0x080001bf   Thumb Code     0  startup_stm32f103xb.o(.text)
    I2C1_ER_IRQHandler                       0x080001bf   Thumb Code     0  startup_stm32f103xb.o(.text)
    I2C1_EV_IRQHandler                       0x080001bf   Thumb Code     0  startup_stm32f103xb.o(.text)
    I2C2_ER_IRQHandler                       0x080001bf   Thumb Code     0  startup_stm32f103xb.o(.text)
    I2C2_EV_IRQHandler                       0x080001bf   Thumb Code     0  startup_stm32f103xb.o(.text)
    PVD_IRQHandler                           0x080001bf   Thumb Code     0  startup_stm32f103xb.o(.text)
    RCC_IRQHandler                           0x080001bf   Thumb Code     0  startup_stm32f103xb.o(.text)
    RTC_Alarm_IRQHandler                     0x080001bf   Thumb Code     0  startup_stm32f103xb.o(.text)
    RTC_IRQHandler                           0x080001bf   Thumb Code     0  startup_stm32f103xb.o(.text)
    SPI1_IRQHandler                          0x080001bf   Thumb Code     0  startup_stm32f103xb.o(.text)
    SPI2_IRQHandler                          0x080001bf   Thumb Code     0  startup_stm32f103xb.o(.text)
    TAMPER_IRQHandler                        0x080001bf   Thumb Code     0  startup_stm32f103xb.o(.text)
    TIM1_BRK_IRQHandler                      0x080001bf   Thumb Code     0  startup_stm32f103xb.o(.text)
    TIM1_CC_IRQHandler                       0x080001bf   Thumb Code     0  startup_stm32f103xb.o(.text)
    TIM1_TRG_COM_IRQHandler                  0x080001bf   Thumb Code     0  startup_stm32f103xb.o(.text)
    TIM1_UP_IRQHandler                       0x080001bf   Thumb Code     0  startup_stm32f103xb.o(.text)
    TIM2_IRQHandler                          0x080001bf   Thumb Code     0  startup_stm32f103xb.o(.text)
    TIM3_IRQHandler                          0x080001bf   Thumb Code     0  startup_stm32f103xb.o(.text)
    TIM4_IRQHandler                          0x080001bf   Thumb Code     0  startup_stm32f103xb.o(.text)
    USART1_IRQHandler                        0x080001bf   Thumb Code     0  startup_stm32f103xb.o(.text)
    USART2_IRQHandler                        0x080001bf   Thumb Code     0  startup_stm32f103xb.o(.text)
    USART3_IRQHandler                        0x080001bf   Thumb Code     0  startup_stm32f103xb.o(.text)
    USBWakeUp_IRQHandler                     0x080001bf   Thumb Code     0  startup_stm32f103xb.o(.text)
    USB_HP_CAN1_TX_IRQHandler                0x080001bf   Thumb Code     0  startup_stm32f103xb.o(.text)
    USB_LP_CAN1_RX0_IRQHandler               0x080001bf   Thumb Code     0  startup_stm32f103xb.o(.text)
    WWDG_IRQHandler                          0x080001bf   Thumb Code     0  startup_stm32f103xb.o(.text)
    __aeabi_memcpy                           0x080001c9   Thumb Code    36  memcpya.o(.text)
    __aeabi_memcpy4                          0x080001c9   Thumb Code     0  memcpya.o(.text)
    __aeabi_memcpy8                          0x080001c9   Thumb Code     0  memcpya.o(.text)
    __aeabi_memset                           0x080001ed   Thumb Code    14  memseta.o(.text)
    __aeabi_memset4                          0x080001ed   Thumb Code     0  memseta.o(.text)
    __aeabi_memset8                          0x080001ed   Thumb Code     0  memseta.o(.text)
    __aeabi_memclr                           0x080001fb   Thumb Code     4  memseta.o(.text)
    __aeabi_memclr4                          0x080001fb   Thumb Code     0  memseta.o(.text)
    __aeabi_memclr8                          0x080001fb   Thumb Code     0  memseta.o(.text)
    _memset$wrapper                          0x080001ff   Thumb Code    18  memseta.o(.text)
    __scatterload                            0x08000211   Thumb Code    28  init.o(.text)
    __scatterload_rt2                        0x08000211   Thumb Code     0  init.o(.text)
    ADC_ConversionStop_Disable               0x08000235   Thumb Code    76  stm32f1xx_hal_adc.o(i.ADC_ConversionStop_Disable)
    ADC_DMAConvCplt                          0x08000281   Thumb Code    78  stm32f1xx_hal_adc.o(i.ADC_DMAConvCplt)
    ADC_DMAError                             0x080002cf   Thumb Code    26  stm32f1xx_hal_adc.o(i.ADC_DMAError)
    ADC_DMAHalfConvCplt                      0x080002e9   Thumb Code    10  stm32f1xx_hal_adc.o(i.ADC_DMAHalfConvCplt)
    ADC_Enable                               0x080002f5   Thumb Code   104  stm32f1xx_hal_adc.o(i.ADC_Enable)
    AdcAdjustValueInit                       0x08000365   Thumb Code    40  bspadc.o(i.AdcAdjustValueInit)
    AdcInit                                  0x08000391   Thumb Code    28  bspadc.o(i.AdcInit)
    BspInit                                  0x080003b5   Thumb Code    22  bsp.o(i.BspInit)
    CallBackUartTxToPC                       0x080003cd   Thumb Code    60  bspuart.o(i.CallBackUartTxToPC)
    Callback_Adc                             0x08000419   Thumb Code     2  main.o(i.Callback_Adc)
    Callback_Key                             0x0800041b   Thumb Code     4  main.o(i.Callback_Key)
    Callback_Led                             0x0800041f   Thumb Code     2  main.o(i.Callback_Led)
    DMA1_Channel1_IRQHandler                 0x08000421   Thumb Code     6  stm32f1xx_it.o(i.DMA1_Channel1_IRQHandler)
    HAL_ADC_ConfigChannel                    0x0800044d   Thumb Code   346  stm32f1xx_hal_adc.o(i.HAL_ADC_ConfigChannel)
    HAL_ADC_ConvCpltCallback                 0x080005b5   Thumb Code     2  stm32f1xx_hal_adc.o(i.HAL_ADC_ConvCpltCallback)
    HAL_ADC_ConvHalfCpltCallback             0x080005b7   Thumb Code     2  stm32f1xx_hal_adc.o(i.HAL_ADC_ConvHalfCpltCallback)
    HAL_ADC_ErrorCallback                    0x080005b9   Thumb Code     2  stm32f1xx_hal_adc.o(i.HAL_ADC_ErrorCallback)
    HAL_ADC_Init                             0x080005bd   Thumb Code   296  stm32f1xx_hal_adc.o(i.HAL_ADC_Init)
    HAL_ADC_MspInit                          0x080006ed   Thumb Code    94  stm32f1xx_hal_msp.o(i.HAL_ADC_MspInit)
    HAL_ADC_Start_DMA                        0x08000761   Thumb Code   246  stm32f1xx_hal_adc.o(i.HAL_ADC_Start_DMA)
    HAL_DMA_IRQHandler                       0x0800086d   Thumb Code   616  stm32f1xx_hal_dma.o(i.HAL_DMA_IRQHandler)
    HAL_DMA_Init                             0x08000ad9   Thumb Code    80  stm32f1xx_hal_dma.o(i.HAL_DMA_Init)
    HAL_DMA_Start_IT                         0x08000b29   Thumb Code    88  stm32f1xx_hal_dma.o(i.HAL_DMA_Start_IT)
    HAL_Delay                                0x08000b81   Thumb Code    22  stm32f1xx_hal.o(i.HAL_Delay)
    HAL_GPIO_Init                            0x08000b99   Thumb Code   408  stm32f1xx_hal_gpio.o(i.HAL_GPIO_Init)
    HAL_GPIO_ReadPin                         0x08000d55   Thumb Code    10  stm32f1xx_hal_gpio.o(i.HAL_GPIO_ReadPin)
    HAL_GetTick                              0x08000d61   Thumb Code     6  stm32f1xx_hal.o(i.HAL_GetTick)
    HAL_Init                                 0x08000d6d   Thumb Code    32  stm32f1xx_hal.o(i.HAL_Init)
    HAL_InitTick                             0x08000d91   Thumb Code    34  stm32f1xx_hal.o(i.HAL_InitTick)
    HAL_MspInit                              0x08000db5   Thumb Code    52  stm32f1xx_hal_msp.o(i.HAL_MspInit)
    HAL_NVIC_EnableIRQ                       0x08000df1   Thumb Code    22  stm32f1xx_hal_cortex.o(i.HAL_NVIC_EnableIRQ)
    HAL_NVIC_SetPriority                     0x08000e09   Thumb Code    60  stm32f1xx_hal_cortex.o(i.HAL_NVIC_SetPriority)
    HAL_NVIC_SetPriorityGrouping             0x08000e49   Thumb Code    26  stm32f1xx_hal_cortex.o(i.HAL_NVIC_SetPriorityGrouping)
    HAL_RCCEx_PeriphCLKConfig                0x08000e6d   Thumb Code   282  stm32f1xx_hal_rcc_ex.o(i.HAL_RCCEx_PeriphCLKConfig)
    HAL_RCC_ClockConfig                      0x08000f95   Thumb Code   638  stm32f1xx_hal_rcc.o(i.HAL_RCC_ClockConfig)
    HAL_RCC_GetHCLKFreq                      0x0800121d   Thumb Code    38  stm32f1xx_hal_rcc.o(i.HAL_RCC_GetHCLKFreq)
    HAL_RCC_GetPCLK1Freq                     0x08001251   Thumb Code    36  stm32f1xx_hal_rcc.o(i.HAL_RCC_GetPCLK1Freq)
    HAL_RCC_GetPCLK2Freq                     0x0800127d   Thumb Code    36  stm32f1xx_hal_rcc.o(i.HAL_RCC_GetPCLK2Freq)
    HAL_RCC_GetSysClockFreq                  0x080012a9   Thumb Code   102  stm32f1xx_hal_rcc.o(i.HAL_RCC_GetSysClockFreq)
    HAL_RCC_OscConfig                        0x08001331   Thumb Code  1586  stm32f1xx_hal_rcc.o(i.HAL_RCC_OscConfig)
    HAL_SYSTICK_CLKSourceConfig              0x08001963   Thumb Code    24  stm32f1xx_hal_cortex.o(i.HAL_SYSTICK_CLKSourceConfig)
    HAL_SYSTICK_Config                       0x0800197b   Thumb Code    40  stm32f1xx_hal_cortex.o(i.HAL_SYSTICK_Config)
    HAL_UART_ErrorCallback                   0x080019a3   Thumb Code     2  stm32f1xx_hal_uart.o(i.HAL_UART_ErrorCallback)
    HAL_UART_Init                            0x080019a5   Thumb Code    94  stm32f1xx_hal_uart.o(i.HAL_UART_Init)
    HAL_UART_MspInit                         0x08001a05   Thumb Code    76  stm32f1xx_hal_msp.o(i.HAL_UART_MspInit)
    HAL_UART_Receive_IT                      0x08001a5d   Thumb Code   106  stm32f1xx_hal_uart.o(i.HAL_UART_Receive_IT)
    HAL_UART_Transmit_DMA                    0x08001ac9   Thumb Code   130  stm32f1xx_hal_uart.o(i.HAL_UART_Transmit_DMA)
    HAL_UART_TxCpltCallback                  0x08001b59   Thumb Code    18  halcallback.o(i.HAL_UART_TxCpltCallback)
    HAL_UART_TxHalfCpltCallback              0x08001b75   Thumb Code     2  stm32f1xx_hal_uart.o(i.HAL_UART_TxHalfCpltCallback)
    InitUartRxBuffer                         0x08001b79   Thumb Code    10  handleruartdata.o(i.InitUartRxBuffer)
    InitUartToPLDataCorresponding            0x08001b89   Thumb Code    26  handleruartdata.o(i.InitUartToPLDataCorresponding)
    KeyInit                                  0x08001ba9   Thumb Code    52  bspkey.o(i.KeyInit)
    KeyPro                                   0x08001be5   Thumb Code    14  bspkey.o(i.KeyPro)
    Keychange                                0x08001bf5   Thumb Code    64  bspkey.o(i.Keychange)
    Keycheck                                 0x08001c51   Thumb Code   142  bspkey.o(i.Keycheck)
    LedInit                                  0x08001ce5   Thumb Code    16  bspled.o(i.LedInit)
    SEGGER_RTT_Write                         0x08001ded   Thumb Code   142  segger_rtt.o(i.SEGGER_RTT_Write)
    SEGGER_RTT_printf                        0x08001e81   Thumb Code    22  segger_rtt_printf.o(i.SEGGER_RTT_printf)
    SEGGER_RTT_vprintf                       0x08001e99   Thumb Code   402  segger_rtt_printf.o(i.SEGGER_RTT_vprintf)
    StartTaskUartTx                          0x0800202b   Thumb Code     4  main.o(i.StartTaskUartTx)
    SysTick_Handler                          0x0800202f   Thumb Code     4  stm32f1xx_it.o(i.SysTick_Handler)
    SystemClock_Config                       0x08002033   Thumb Code   104  main.o(i.SystemClock_Config)
    SystemInit                               0x0800209d   Thumb Code    56  system_stm32f1xx.o(i.SystemInit)
    UartInit                                 0x0800221d   Thumb Code    32  bspuart.o(i.UartInit)
    __scatterload_copy                       0x08002427   Thumb Code    14  handlers.o(i.__scatterload_copy)
    __scatterload_null                       0x08002435   Thumb Code     2  handlers.o(i.__scatterload_null)
    __scatterload_zeroinit                   0x08002437   Thumb Code    14  handlers.o(i.__scatterload_zeroinit)
    main                                     0x08002451   Thumb Code   218  main.o(i.main)
    osKernelStart                            0x0800254d   Thumb Code    10  cmsis_os.o(i.osKernelStart)
    osMessageCreate                          0x08002557   Thumb Code     8  cmsis_os.o(i.osMessageCreate)
    osMessageGet                             0x08002561   Thumb Code   138  cmsis_os.o(i.osMessageGet)
    osSemaphoreCreate                        0x080025f1   Thumb Code    46  cmsis_os.o(i.osSemaphoreCreate)
    osSemaphoreRelease                       0x08002621   Thumb Code    66  cmsis_os.o(i.osSemaphoreRelease)
    osSemaphoreWait                          0x08002669   Thumb Code    92  cmsis_os.o(i.osSemaphoreWait)
    osSystickHandler                         0x080026c9   Thumb Code    20  cmsis_os.o(i.osSystickHandler)
    osThreadCreate                           0x080026dd   Thumb Code    56  cmsis_os.o(i.osThreadCreate)
    osTimerCreate                            0x08002715   Thumb Code    30  cmsis_os.o(i.osTimerCreate)
    osTimerStart                             0x08002739   Thumb Code   174  cmsis_os.o(i.osTimerStart)
    osUserDefinedSemaphoreCreate             0x080027ed   Thumb Code    44  cmsis_os_supplement.o(i.osUserDefinedSemaphoreCreate)
    pvPortMalloc                             0x08002cf1   Thumb Code   182  heap_4.o(i.pvPortMalloc)
    pvTaskIncrementMutexHeldCount            0x08002dad   Thumb Code    18  tasks.o(i.pvTaskIncrementMutexHeldCount)
    pxPortInitialiseStack                    0x08002dc5   Thumb Code    28  port.o(i.pxPortInitialiseStack)
    uxListRemove                             0x08002de5   Thumb Code    36  list.o(i.uxListRemove)
    vApplicationIdleHook                     0x08002e09   Thumb Code     2  freertos.o(i.vApplicationIdleHook)
    vApplicationTickHook                     0x08002e0b   Thumb Code     2  freertos.o(i.vApplicationTickHook)
    vListInitialise                          0x08002e0d   Thumb Code    22  list.o(i.vListInitialise)
    vListInitialiseItem                      0x08002e23   Thumb Code     6  list.o(i.vListInitialiseItem)
    vListInsert                              0x08002e29   Thumb Code    48  list.o(i.vListInsert)
    vListInsertEnd                           0x08002e59   Thumb Code    24  list.o(i.vListInsertEnd)
    vPortEnterCritical                       0x08002e71   Thumb Code    44  port.o(i.vPortEnterCritical)
    vPortExitCritical                        0x08002ea5   Thumb Code    30  port.o(i.vPortExitCritical)
    vPortFree                                0x08002ec9   Thumb Code    68  heap_4.o(i.vPortFree)
    vPortSetupTimerInterrupt                 0x08002f11   Thumb Code    26  port.o(i.vPortSetupTimerInterrupt)
    vPortValidateInterruptPriority           0x08002f31   Thumb Code    54  port.o(i.vPortValidateInterruptPriority)
    vPortYield                               0x08002f71   Thumb Code    18  port.o(i.vPortYield)
    vQueueAddToRegistry                      0x08002f89   Thumb Code    34  queue.o(i.vQueueAddToRegistry)
    vQueueWaitForMessageRestricted           0x08002fb1   Thumb Code    56  queue.o(i.vQueueWaitForMessageRestricted)
    vTaskMissedYield                         0x08002fe9   Thumb Code     8  tasks.o(i.vTaskMissedYield)
    vTaskPlaceOnEventList                    0x08002ff5   Thumb Code    80  tasks.o(i.vTaskPlaceOnEventList)
    vTaskPlaceOnEventListRestricted          0x0800304d   Thumb Code    62  tasks.o(i.vTaskPlaceOnEventListRestricted)
    vTaskPriorityInherit                     0x08003091   Thumb Code   124  tasks.o(i.vTaskPriorityInherit)
    vTaskSetTimeOutState                     0x08003115   Thumb Code    22  tasks.o(i.vTaskSetTimeOutState)
    vTaskStartScheduler                      0x08003131   Thumb Code    68  tasks.o(i.vTaskStartScheduler)
    vTaskSuspendAll                          0x08003185   Thumb Code    10  tasks.o(i.vTaskSuspendAll)
    vTaskSwitchContext                       0x08003195   Thumb Code    74  tasks.o(i.vTaskSwitchContext)
    xPortStartScheduler                      0x080031e9   Thumb Code   102  port.o(i.xPortStartScheduler)
    xPortSysTickHandler                      0x0800325d   Thumb Code    30  port.o(i.xPortSysTickHandler)
    xQueueCreateCountingSemaphore            0x08003281   Thumb Code    42  queue.o(i.xQueueCreateCountingSemaphore)
    xQueueGenericCreate                      0x080032ab   Thumb Code    80  queue.o(i.xQueueGenericCreate)
    xQueueGenericReceive                     0x080032fd   Thumb Code   302  queue.o(i.xQueueGenericReceive)
    xQueueGenericReset                       0x0800342b   Thumb Code   106  queue.o(i.xQueueGenericReset)
    xQueueGenericSend                        0x08003495   Thumb Code   276  queue.o(i.xQueueGenericSend)
    xQueueGenericSendFromISR                 0x080035a9   Thumb Code   140  queue.o(i.xQueueGenericSendFromISR)
    xQueueGiveFromISR                        0x08003635   Thumb Code   118  queue.o(i.xQueueGiveFromISR)
    xQueueReceiveFromISR                     0x080036ab   Thumb Code   118  queue.o(i.xQueueReceiveFromISR)
    xTaskCheckForTimeOut                     0x08003721   Thumb Code    82  tasks.o(i.xTaskCheckForTimeOut)
    xTaskGenericCreate                       0x08003779   Thumb Code   388  tasks.o(i.xTaskGenericCreate)
    xTaskGetSchedulerState                   0x08003905   Thumb Code    22  tasks.o(i.xTaskGetSchedulerState)
    xTaskGetTickCount                        0x08003921   Thumb Code     6  tasks.o(i.xTaskGetTickCount)
    xTaskGetTickCountFromISR                 0x0800392d   Thumb Code    12  tasks.o(i.xTaskGetTickCountFromISR)
    xTaskIncrementTick                       0x0800393d   Thumb Code   194  tasks.o(i.xTaskIncrementTick)
    xTaskPriorityDisinherit                  0x08003a09   Thumb Code   124  tasks.o(i.xTaskPriorityDisinherit)
    xTaskRemoveFromEventList                 0x08003a8d   Thumb Code    98  tasks.o(i.xTaskRemoveFromEventList)
    xTaskResumeAll                           0x08003af9   Thumb Code   162  tasks.o(i.xTaskResumeAll)
    xTimerCreate                             0x08003ba5   Thumb Code    62  timers.o(i.xTimerCreate)
    xTimerCreateTimerTask                    0x08003be5   Thumb Code    50  timers.o(i.xTimerCreateTimerTask)
    xTimerGenericCommand                     0x08003c29   Thumb Code    68  timers.o(i.xTimerGenericCommand)
    xTimerIsTimerActive                      0x08003c71   Thumb Code    26  timers.o(i.xTimerIsTimerActive)
    aAPBAHBPrescTable                        0x08003cb4   Data          16  stm32f1xx_hal_rcc.o(.constdata)
    Region$$Table$$Base                      0x08003cec   Number         0  anon$$obj.o(Region$$Table)
    Region$$Table$$Limit                     0x08003d0c   Number         0  anon$$obj.o(Region$$Table)
    pxCurrentTCB                             0x2000000c   Data           4  tasks.o(.data)
    TaskUartTxHandle                         0x2000006c   Data           4  main.o(.data)
    g_QueueToUartHandle                      0x20000070   Data           4  main.o(.data)
    TimerLedHandle                           0x20000074   Data           4  main.o(.data)
    TimerAdcHandle                           0x20000078   Data           4  main.o(.data)
    TimerKeyHandle                           0x2000007c   Data           4  main.o(.data)
    g_BinarySemUartHandle                    0x20000080   Data           4  main.o(.data)
    g_CountingSemUartHandle                  0x20000084   Data           4  main.o(.data)
    SystemCoreClock                          0x20000088   Data           4  system_stm32f1xx.o(.data)
    g_KeyChangedVal                          0x20000090   Data           8  bspkey.o(.data)
    LedStatus                                0x20000098   Data           8  bspled.o(.data)
    g_Huart1RxOriginalData                   0x200000a0   Data           1  bspuart.o(.data)
    xQueueRegistry                           0x20000128   Data          64  queue.o(.bss)
    hadc1                                    0x20002a80   Data          48  main.o(.bss)
    huart1                                   0x20002ab0   Data          64  main.o(.bss)
    hdma_adc1                                0x20002af0   Data          56  main.o(.bss)
    KeyStatus                                0x20002b28   Data          40  bspkey.o(.bss)
    g_QueueUartControl                       0x20002b50   Data          69  bspuart.o(.bss)
    g_AdcChange                              0x20002c48   Data          40  bspadc.o(.bss)
    __initial_sp                             0x20003618   Data           0  startup_stm32f103xb.o(STACK)



==============================================================================

Memory Map of the image

  Image Entry point : 0x080000ed

  Load Region LR_IROM1 (Base: 0x08000000, Size: 0x00003e34, Max: 0x00010000, ABSOLUTE)

    Execution Region ER_IROM1 (Base: 0x08000000, Size: 0x00003d0c, Max: 0x00010000, ABSOLUTE)

    Base Addr    Size         Type   Attr      Idx    E Section Name        Object

    0x08000000   0x000000ec   Data   RO         2895    RESET               startup_stm32f103xb.o
    0x080000ec   0x00000000   Code   RO         3358  * .ARM.Collect$$$$00000000  mc_w.l(entry.o)
    0x080000ec   0x00000004   Code   RO         3369    .ARM.Collect$$$$00000001  mc_w.l(entry2.o)
    0x080000f0   0x00000004   Code   RO         3372    .ARM.Collect$$$$00000004  mc_w.l(entry5.o)
    0x080000f4   0x00000000   Code   RO         3374    .ARM.Collect$$$$00000008  mc_w.l(entry7b.o)
    0x080000f4   0x00000000   Code   RO         3376    .ARM.Collect$$$$0000000A  mc_w.l(entry8b.o)
    0x080000f4   0x00000008   Code   RO         3377    .ARM.Collect$$$$0000000B  mc_w.l(entry9a.o)
    0x080000fc   0x00000000   Code   RO         3379    .ARM.Collect$$$$0000000D  mc_w.l(entry10a.o)
    0x080000fc   0x00000000   Code   RO         3381    .ARM.Collect$$$$0000000F  mc_w.l(entry11a.o)
    0x080000fc   0x00000004   Code   RO         3370    .ARM.Collect$$$$00002712  mc_w.l(entry2.o)
    0x08000100   0x000000a2   Code   RO          120    .emb_text           port.o
    0x080001a2   0x00000002   PAD
    0x080001a4   0x00000024   Code   RO         2896    .text               startup_stm32f103xb.o
    0x080001c8   0x00000024   Code   RO         3363    .text               mc_w.l(memcpya.o)
    0x080001ec   0x00000024   Code   RO         3365    .text               mc_w.l(memseta.o)
    0x08000210   0x00000024   Code   RO         3383    .text               mc_w.l(init.o)
    0x08000234   0x0000004c   Code   RO         2171    i.ADC_ConversionStop_Disable  stm32f1xx_hal_adc.o
    0x08000280   0x0000004e   Code   RO         2172    i.ADC_DMAConvCplt   stm32f1xx_hal_adc.o
    0x080002ce   0x0000001a   Code   RO         2173    i.ADC_DMAError      stm32f1xx_hal_adc.o
    0x080002e8   0x0000000a   Code   RO         2174    i.ADC_DMAHalfConvCplt  stm32f1xx_hal_adc.o
    0x080002f2   0x00000002   PAD
    0x080002f4   0x00000070   Code   RO         2175    i.ADC_Enable        stm32f1xx_hal_adc.o
    0x08000364   0x0000002c   Code   RO         3061    i.AdcAdjustValueInit  bspadc.o
    0x08000390   0x00000024   Code   RO         3064    i.AdcInit           bspadc.o
    0x080003b4   0x00000016   Code   RO         2903    i.BspInit           bsp.o
    0x080003ca   0x00000002   PAD
    0x080003cc   0x0000004c   Code   RO         3016    i.CallBackUartTxToPC  bspuart.o
    0x08000418   0x00000002   Code   RO         1294    i.Callback_Adc      main.o
    0x0800041a   0x00000004   Code   RO         1295    i.Callback_Key      main.o
    0x0800041e   0x00000002   Code   RO         1296    i.Callback_Led      main.o
    0x08000420   0x0000000c   Code   RO         1170    i.DMA1_Channel1_IRQHandler  stm32f1xx_it.o
    0x0800042c   0x0000001e   Code   RO         1505    i.DMA_SetConfig     stm32f1xx_hal_dma.o
    0x0800044a   0x00000002   PAD
    0x0800044c   0x00000168   Code   RO         2177    i.HAL_ADC_ConfigChannel  stm32f1xx_hal_adc.o
    0x080005b4   0x00000002   Code   RO         2178    i.HAL_ADC_ConvCpltCallback  stm32f1xx_hal_adc.o
    0x080005b6   0x00000002   Code   RO         2179    i.HAL_ADC_ConvHalfCpltCallback  stm32f1xx_hal_adc.o
    0x080005b8   0x00000002   Code   RO         2181    i.HAL_ADC_ErrorCallback  stm32f1xx_hal_adc.o
    0x080005ba   0x00000002   PAD
    0x080005bc   0x00000130   Code   RO         2186    i.HAL_ADC_Init      stm32f1xx_hal_adc.o
    0x080006ec   0x00000074   Code   RO         1420    i.HAL_ADC_MspInit   stm32f1xx_hal_msp.o
    0x08000760   0x0000010c   Code   RO         2193    i.HAL_ADC_Start_DMA  stm32f1xx_hal_adc.o
    0x0800086c   0x0000026c   Code   RO         1510    i.HAL_DMA_IRQHandler  stm32f1xx_hal_dma.o
    0x08000ad8   0x00000050   Code   RO         1511    i.HAL_DMA_Init      stm32f1xx_hal_dma.o
    0x08000b28   0x00000058   Code   RO         1514    i.HAL_DMA_Start_IT  stm32f1xx_hal_dma.o
    0x08000b80   0x00000016   Code   RO         1589    i.HAL_Delay         stm32f1xx_hal.o
    0x08000b96   0x00000002   PAD
    0x08000b98   0x000001bc   Code   RO         2354    i.HAL_GPIO_Init     stm32f1xx_hal_gpio.o
    0x08000d54   0x0000000a   Code   RO         2356    i.HAL_GPIO_ReadPin  stm32f1xx_hal_gpio.o
    0x08000d5e   0x00000002   PAD
    0x08000d60   0x0000000c   Code   RO         1593    i.HAL_GetTick       stm32f1xx_hal.o
    0x08000d6c   0x00000024   Code   RO         1595    i.HAL_Init          stm32f1xx_hal.o
    0x08000d90   0x00000022   Code   RO         1596    i.HAL_InitTick      stm32f1xx_hal.o
    0x08000db2   0x00000002   PAD
    0x08000db4   0x0000003c   Code   RO         1421    i.HAL_MspInit       stm32f1xx_hal_msp.o
    0x08000df0   0x00000016   Code   RO         2544    i.HAL_NVIC_EnableIRQ  stm32f1xx_hal_cortex.o
    0x08000e06   0x00000002   PAD
    0x08000e08   0x00000040   Code   RO         2550    i.HAL_NVIC_SetPriority  stm32f1xx_hal_cortex.o
    0x08000e48   0x00000024   Code   RO         2551    i.HAL_NVIC_SetPriorityGrouping  stm32f1xx_hal_cortex.o
    0x08000e6c   0x00000128   Code   RO         2034    i.HAL_RCCEx_PeriphCLKConfig  stm32f1xx_hal_rcc_ex.o
    0x08000f94   0x00000288   Code   RO         1892    i.HAL_RCC_ClockConfig  stm32f1xx_hal_rcc.o
    0x0800121c   0x00000034   Code   RO         1897    i.HAL_RCC_GetHCLKFreq  stm32f1xx_hal_rcc.o
    0x08001250   0x0000002c   Code   RO         1899    i.HAL_RCC_GetPCLK1Freq  stm32f1xx_hal_rcc.o
    0x0800127c   0x0000002c   Code   RO         1900    i.HAL_RCC_GetPCLK2Freq  stm32f1xx_hal_rcc.o
    0x080012a8   0x00000088   Code   RO         1901    i.HAL_RCC_GetSysClockFreq  stm32f1xx_hal_rcc.o
    0x08001330   0x00000632   Code   RO         1904    i.HAL_RCC_OscConfig  stm32f1xx_hal_rcc.o
    0x08001962   0x00000018   Code   RO         2553    i.HAL_SYSTICK_CLKSourceConfig  stm32f1xx_hal_cortex.o
    0x0800197a   0x00000028   Code   RO         2555    i.HAL_SYSTICK_Config  stm32f1xx_hal_cortex.o
    0x080019a2   0x00000002   Code   RO         2671    i.HAL_UART_ErrorCallback  stm32f1xx_hal_uart.o
    0x080019a4   0x0000005e   Code   RO         2675    i.HAL_UART_Init     stm32f1xx_hal_uart.o
    0x08001a02   0x00000002   PAD
    0x08001a04   0x00000058   Code   RO         1423    i.HAL_UART_MspInit  stm32f1xx_hal_msp.o
    0x08001a5c   0x0000006a   Code   RO         2680    i.HAL_UART_Receive_IT  stm32f1xx_hal_uart.o
    0x08001ac6   0x00000002   PAD
    0x08001ac8   0x00000090   Code   RO         2684    i.HAL_UART_Transmit_DMA  stm32f1xx_hal_uart.o
    0x08001b58   0x0000001c   Code   RO         3119    i.HAL_UART_TxCpltCallback  halcallback.o
    0x08001b74   0x00000002   Code   RO         2687    i.HAL_UART_TxHalfCpltCallback  stm32f1xx_hal_uart.o
    0x08001b76   0x00000002   PAD
    0x08001b78   0x00000010   Code   RO         3153    i.InitUartRxBuffer  handleruartdata.o
    0x08001b88   0x00000020   Code   RO         3154    i.InitUartToPLDataCorresponding  handleruartdata.o
    0x08001ba8   0x0000003c   Code   RO         2931    i.KeyInit           bspkey.o
    0x08001be4   0x0000000e   Code   RO         2932    i.KeyPro            bspkey.o
    0x08001bf2   0x00000002   PAD
    0x08001bf4   0x0000005c   Code   RO         2933    i.Keychange         bspkey.o
    0x08001c50   0x00000094   Code   RO         2934    i.Keycheck          bspkey.o
    0x08001ce4   0x00000018   Code   RO         2983    i.LedInit           bspled.o
    0x08001cfc   0x00000064   Code   RO         1297    i.MX_ADC1_Init      main.o
    0x08001d60   0x0000006c   Code   RO         1298    i.MX_GPIO_Init      main.o
    0x08001dcc   0x00000020   Code   RO         2557    i.NVIC_SetPriority  stm32f1xx_hal_cortex.o
    0x08001dec   0x00000094   Code   RO         3254    i.SEGGER_RTT_Write  segger_rtt.o
    0x08001e80   0x00000016   Code   RO         3321    i.SEGGER_RTT_printf  segger_rtt_printf.o
    0x08001e96   0x00000002   PAD
    0x08001e98   0x00000192   Code   RO         3322    i.SEGGER_RTT_vprintf  segger_rtt_printf.o
    0x0800202a   0x00000004   Code   RO         1299    i.StartTaskUartTx   main.o
    0x0800202e   0x00000004   Code   RO         1171    i.SysTick_Handler   stm32f1xx_it.o
    0x08002032   0x00000068   Code   RO         1300    i.SystemClock_Config  main.o
    0x0800209a   0x00000002   PAD
    0x0800209c   0x00000048   Code   RO         1469    i.SystemInit        system_stm32f1xx.o
    0x080020e4   0x0000001e   Code   RO         2688    i.UART_DMAError     stm32f1xx_hal_uart.o
    0x08002102   0x0000002e   Code   RO         2691    i.UART_DMATransmitCplt  stm32f1xx_hal_uart.o
    0x08002130   0x0000000a   Code   RO         2692    i.UART_DMATxHalfCplt  stm32f1xx_hal_uart.o
    0x0800213a   0x00000002   PAD
    0x0800213c   0x000000e0   Code   RO         2694    i.UART_SetConfig    stm32f1xx_hal_uart.o
    0x0800221c   0x0000002c   Code   RO         3017    i.UartInit          bspuart.o
    0x08002248   0x000000c2   Code   RO         3323    i._PrintInt         segger_rtt_printf.o
    0x0800230a   0x00000002   PAD
    0x0800230c   0x000000dc   Code   RO         3324    i._PrintUnsigned    segger_rtt_printf.o
    0x080023e8   0x0000003e   Code   RO         3325    i._StoreChar        segger_rtt_printf.o
    0x08002426   0x0000000e   Code   RO         3387    i.__scatterload_copy  mc_w.l(handlers.o)
    0x08002434   0x00000002   Code   RO         3388    i.__scatterload_null  mc_w.l(handlers.o)
    0x08002436   0x0000000e   Code   RO         3389    i.__scatterload_zeroinit  mc_w.l(handlers.o)
    0x08002444   0x0000000c   Code   RO          408    i.inHandlerMode     cmsis_os.o
    0x08002450   0x000000f0   Code   RO         1301    i.main              main.o
    0x08002540   0x0000000c   Code   RO          410    i.makeFreeRtosPriority  cmsis_os.o
    0x0800254c   0x0000000a   Code   RO          414    i.osKernelStart     cmsis_os.o
    0x08002556   0x00000008   Code   RO          422    i.osMessageCreate   cmsis_os.o
    0x0800255e   0x00000002   PAD
    0x08002560   0x00000090   Code   RO          423    i.osMessageGet      cmsis_os.o
    0x080025f0   0x0000002e   Code   RO          437    i.osSemaphoreCreate  cmsis_os.o
    0x0800261e   0x00000002   PAD
    0x08002620   0x00000048   Code   RO          439    i.osSemaphoreRelease  cmsis_os.o
    0x08002668   0x00000060   Code   RO          440    i.osSemaphoreWait   cmsis_os.o
    0x080026c8   0x00000014   Code   RO          443    i.osSystickHandler  cmsis_os.o
    0x080026dc   0x00000038   Code   RO          444    i.osThreadCreate    cmsis_os.o
    0x08002714   0x00000024   Code   RO          455    i.osTimerCreate     cmsis_os.o
    0x08002738   0x000000b4   Code   RO          457    i.osTimerStart      cmsis_os.o
    0x080027ec   0x0000002c   Code   RO         3230    i.osUserDefinedSemaphoreCreate  cmsis_os_supplement.o
    0x08002818   0x00000034   Code   RO          735    i.prvAddCurrentTaskToDelayedList  tasks.o
    0x0800284c   0x00000054   Code   RO         1024    i.prvCheckForValidListAndQueue  timers.o
    0x080028a0   0x00000054   Code   RO          736    i.prvCheckTasksWaitingTermination  tasks.o
    0x080028f4   0x00000026   Code   RO          234    i.prvCopyDataFromQueue  queue.o
    0x0800291a   0x0000006e   Code   RO          235    i.prvCopyDataToQueue  queue.o
    0x08002988   0x0000004c   Code   RO         1118    i.prvHeapInit       heap_4.o
    0x080029d4   0x0000001c   Code   RO          737    i.prvIdleTask       tasks.o
    0x080029f0   0x0000004c   Code   RO         1119    i.prvInsertBlockIntoFreeList  heap_4.o
    0x08002a3c   0x00000038   Code   RO         1025    i.prvInsertTimerInActiveList  timers.o
    0x08002a74   0x000000a8   Code   RO         1026    i.prvProcessReceivedCommands  timers.o
    0x08002b1c   0x0000008c   Code   RO         1027    i.prvProcessTimerOrBlockTask  timers.o
    0x08002ba8   0x00000020   Code   RO          739    i.prvResetNextTaskUnblockTime  tasks.o
    0x08002bc8   0x00000028   Code   RO         1028    i.prvSampleTimeNow  timers.o
    0x08002bf0   0x00000060   Code   RO         1029    i.prvSwitchTimerLists  timers.o
    0x08002c50   0x00000018   Code   RO          121    i.prvTaskExitError  port.o
    0x08002c68   0x00000024   Code   RO         1030    i.prvTimerTask      timers.o
    0x08002c8c   0x00000064   Code   RO          236    i.prvUnlockQueue    queue.o
    0x08002cf0   0x000000bc   Code   RO         1120    i.pvPortMalloc      heap_4.o
    0x08002dac   0x00000018   Code   RO          741    i.pvTaskIncrementMutexHeldCount  tasks.o
    0x08002dc4   0x00000020   Code   RO          122    i.pxPortInitialiseStack  port.o
    0x08002de4   0x00000024   Code   RO          198    i.uxListRemove      list.o
    0x08002e08   0x00000002   Code   RO         1395    i.vApplicationIdleHook  freertos.o
    0x08002e0a   0x00000002   Code   RO         1396    i.vApplicationTickHook  freertos.o
    0x08002e0c   0x00000016   Code   RO          199    i.vListInitialise   list.o
    0x08002e22   0x00000006   Code   RO          200    i.vListInitialiseItem  list.o
    0x08002e28   0x00000030   Code   RO          201    i.vListInsert       list.o
    0x08002e58   0x00000018   Code   RO          202    i.vListInsertEnd    list.o
    0x08002e70   0x00000034   Code   RO          124    i.vPortEnterCritical  port.o
    0x08002ea4   0x00000024   Code   RO          125    i.vPortExitCritical  port.o
    0x08002ec8   0x00000048   Code   RO         1121    i.vPortFree         heap_4.o
    0x08002f10   0x00000020   Code   RO          126    i.vPortSetupTimerInterrupt  port.o
    0x08002f30   0x00000040   Code   RO          127    i.vPortValidateInterruptPriority  port.o
    0x08002f70   0x00000018   Code   RO          128    i.vPortYield        port.o
    0x08002f88   0x00000028   Code   RO          242    i.vQueueAddToRegistry  queue.o
    0x08002fb0   0x00000038   Code   RO          246    i.vQueueWaitForMessageRestricted  queue.o
    0x08002fe8   0x0000000c   Code   RO          753    i.vTaskMissedYield  tasks.o
    0x08002ff4   0x00000058   Code   RO          755    i.vTaskPlaceOnEventList  tasks.o
    0x0800304c   0x00000044   Code   RO          756    i.vTaskPlaceOnEventListRestricted  tasks.o
    0x08003090   0x00000084   Code   RO          758    i.vTaskPriorityInherit  tasks.o
    0x08003114   0x0000001c   Code   RO          762    i.vTaskSetTimeOutState  tasks.o
    0x08003130   0x00000054   Code   RO          763    i.vTaskStartScheduler  tasks.o
    0x08003184   0x00000010   Code   RO          765    i.vTaskSuspendAll   tasks.o
    0x08003194   0x00000054   Code   RO          766    i.vTaskSwitchContext  tasks.o
    0x080031e8   0x00000074   Code   RO          129    i.xPortStartScheduler  port.o
    0x0800325c   0x00000024   Code   RO          130    i.xPortSysTickHandler  port.o
    0x08003280   0x0000002a   Code   RO          247    i.xQueueCreateCountingSemaphore  queue.o
    0x080032aa   0x00000050   Code   RO          249    i.xQueueGenericCreate  queue.o
    0x080032fa   0x00000002   PAD
    0x080032fc   0x0000012e   Code   RO          250    i.xQueueGenericReceive  queue.o
    0x0800342a   0x0000006a   Code   RO          251    i.xQueueGenericReset  queue.o
    0x08003494   0x00000114   Code   RO          252    i.xQueueGenericSend  queue.o
    0x080035a8   0x0000008c   Code   RO          253    i.xQueueGenericSendFromISR  queue.o
    0x08003634   0x00000076   Code   RO          254    i.xQueueGiveFromISR  queue.o
    0x080036aa   0x00000076   Code   RO          259    i.xQueueReceiveFromISR  queue.o
    0x08003720   0x00000058   Code   RO          767    i.xTaskCheckForTimeOut  tasks.o
    0x08003778   0x0000018c   Code   RO          768    i.xTaskGenericCreate  tasks.o
    0x08003904   0x0000001c   Code   RO          771    i.xTaskGetSchedulerState  tasks.o
    0x08003920   0x0000000c   Code   RO          772    i.xTaskGetTickCount  tasks.o
    0x0800392c   0x00000010   Code   RO          773    i.xTaskGetTickCountFromISR  tasks.o
    0x0800393c   0x000000cc   Code   RO          774    i.xTaskIncrementTick  tasks.o
    0x08003a08   0x00000084   Code   RO          777    i.xTaskPriorityDisinherit  tasks.o
    0x08003a8c   0x0000006c   Code   RO          778    i.xTaskRemoveFromEventList  tasks.o
    0x08003af8   0x000000ac   Code   RO          780    i.xTaskResumeAll    tasks.o
    0x08003ba4   0x0000003e   Code   RO         1033    i.xTimerCreate      timers.o
    0x08003be2   0x00000002   PAD
    0x08003be4   0x00000044   Code   RO         1034    i.xTimerCreateTimerTask  timers.o
    0x08003c28   0x00000048   Code   RO         1035    i.xTimerGenericCommand  timers.o
    0x08003c70   0x0000001a   Code   RO         1036    i.xTimerIsTimerActive  timers.o
    0x08003c8a   0x00000002   PAD
    0x08003c8c   0x00000028   Data   RO         1304    .constdata          main.o
    0x08003cb4   0x00000010   Data   RO         1905    .constdata          stm32f1xx_hal_rcc.o
    0x08003cc4   0x00000010   Data   RO         3326    .constdata          segger_rtt_printf.o
    0x08003cd4   0x0000000b   Data   RO         1305    .conststring        main.o
    0x08003cdf   0x00000001   PAD
    0x08003ce0   0x00000009   Data   RO         3258    .conststring        segger_rtt.o
    0x08003ce9   0x00000003   PAD
    0x08003cec   0x00000020   Data   RO         3385    Region$$Table       anon$$obj.o


    Execution Region RW_IRAM1 (Base: 0x20000000, Size: 0x00003618, Max: 0x00005000, ABSOLUTE)

    Base Addr    Size         Type   Attr      Idx    E Section Name        Object

    0x20000000   0x0000000c   Data   RW          131    .data               port.o
    0x2000000c   0x00000038   Data   RW          783    .data               tasks.o
    0x20000044   0x00000010   Data   RW         1038    .data               timers.o
    0x20000054   0x00000018   Data   RW         1126    .data               heap_4.o
    0x2000006c   0x0000001c   Data   RW         1306    .data               main.o
    0x20000088   0x00000004   Data   RW         1471    .data               system_stm32f1xx.o
    0x2000008c   0x00000004   Data   RW         1601    .data               stm32f1xx_hal.o
    0x20000090   0x00000008   Data   RW         2936    .data               bspkey.o
    0x20000098   0x00000008   Data   RW         2985    .data               bspled.o
    0x200000a0   0x00000001   Data   RW         3020    .data               bspuart.o
    0x200000a1   0x00000001   PAD
    0x200000a2   0x0000000a   Data   RW         3164    .data               handleruartdata.o
    0x200000ac   0x0000007c   Data   RW         3259    .data               segger_rtt.o
    0x20000128   0x00000040   Zero   RW          261    .bss                queue.o
    0x20000168   0x000000f0   Zero   RW          782    .bss                tasks.o
    0x20000258   0x00000028   Zero   RW         1037    .bss                timers.o
    0x20000280   0x00002800   Zero   RW         1125    .bss                heap_4.o
    0x20002a80   0x00000070   Zero   RW         1302    .bss                main.o
    0x20002af0   0x00000038   Zero   RW         1303    .bss                main.o
    0x20002b28   0x00000028   Zero   RW         2935    .bss                bspkey.o
    0x20002b50   0x00000045   Zero   RW         3019    .bss                bspuart.o
    0x20002b95   0x00000003   PAD
    0x20002b98   0x000000d8   Zero   RW         3066    .bss                bspadc.o
    0x20002c70   0x00000194   Zero   RW         3163    .bss                handleruartdata.o
    0x20002e04   0x00000400   Zero   RW         3256    .bss                segger_rtt.o
    0x20003204   0x00000010   Zero   RW         3257    .bss                segger_rtt.o
    0x20003214   0x00000004   PAD
    0x20003218   0x00000400   Zero   RW         2893    STACK               startup_stm32f103xb.o


==============================================================================

Image component sizes


      Code (inc. data)   RO Data    RW Data    ZI Data      Debug   Object Name

        22          0          0          0          0        410   bsp.o
        80         12          0          0        216       2483   bspadc.o
       314         42          0          8         40       3462   bspkey.o
        24          8          0          8          0       1010   bspled.o
       120         28          0          1         69       3154   bspuart.o
       692         28          0          0          0      16169   cmsis_os.o
        44          0          0          0          0       1055   cmsis_os_supplement.o
         0          0          0          0          0      16952   event_groups.o
         4          0          0          0          0        798   freertos.o
        28         10          0          0          0        902   halcallback.o
        48         12          0         10        404       2147   handleruartdata.o
       412         24          0         24      10240       4071   heap_4.o
       136          0          0          0          0       3170   list.o
       564         42         51         28        168      10276   main.o
       578         76          0         12          0       8270   port.o
      1526          6          0          0         64      16340   queue.o
       148          6          9        124       1040       2154   segger_rtt.o
       900          4         16          0          0       5821   segger_rtt_printf.o
        36          8        236          0       1024        864   startup_stm32f103xb.o
       104         10          0          4          0       2968   stm32f1xx_hal.o
      1240         52          0          0          0       8210   stm32f1xx_hal_adc.o
       218         14          0          0          0      25677   stm32f1xx_hal_cortex.o
       818          4          0          0          0       3387   stm32f1xx_hal_dma.o
       454         36          0          0          0       2959   stm32f1xx_hal_gpio.o
       264         42          0          0          0       2071   stm32f1xx_hal_msp.o
      2510         86         16          0          0       5960   stm32f1xx_hal_rcc.o
       296         14          0          0          0       1280   stm32f1xx_hal_rcc_ex.o
       658         18          0          0          0       6057   stm32f1xx_hal_uart.o
        16          6          0          0          0     237181   stm32f1xx_it.o
        72         16          0          4          0       1257   system_stm32f1xx.o
      1888        160          0         56        240      19096   tasks.o
       848         74          0         16         40       9588   timers.o

    ----------------------------------------------------------------------
     15106        838        364        296      13552     425199   Object Totals
         0          0         32          0          0          0   (incl. Generated)
        44          0          4          1          7          0   (incl. Padding)

    ----------------------------------------------------------------------

      Code (inc. data)   RO Data    RW Data    ZI Data      Debug   Library Member Name

         0          0          0          0          0          0   entry.o
         0          0          0          0          0          0   entry10a.o
         0          0          0          0          0          0   entry11a.o
         8          4          0          0          0          0   entry2.o
         4          0          0          0          0          0   entry5.o
         0          0          0          0          0          0   entry7b.o
         0          0          0          0          0          0   entry8b.o
         8          4          0          0          0          0   entry9a.o
        30          0          0          0          0          0   handlers.o
        36          8          0          0          0         68   init.o
        36          0          0          0          0         68   memcpya.o
        36          0          0          0          0        108   memseta.o

    ----------------------------------------------------------------------
       158         16          0          0          0        244   Library Totals
         0          0          0          0          0          0   (incl. Padding)

    ----------------------------------------------------------------------

      Code (inc. data)   RO Data    RW Data    ZI Data      Debug   Library Name

       158         16          0          0          0        244   mc_w.l

    ----------------------------------------------------------------------
       158         16          0          0          0        244   Library Totals

    ----------------------------------------------------------------------

==============================================================================


      Code (inc. data)   RO Data    RW Data    ZI Data      Debug   

     15264        854        364        296      13552     417691   Grand Totals
     15264        854        364        296      13552     417691   ELF Image Totals
     15264        854        364        296          0          0   ROM Totals

==============================================================================

    Total RO  Size (Code + RO Data)                15628 (  15.26kB)
    Total RW  Size (RW Data + ZI Data)             13848 (  13.52kB)
    Total ROM Size (Code + RO Data + RW Data)      15924 (  15.55kB)

==============================================================================

